Archive member included to satisfy reference by file (symbol)

/usr/lib/gcc/arm-none-eabi/14.2.0/thumb/v6-m/nofp/libgcc.a(_dvmd_tls.o)
                              CMakeFiles/pico_hdj100.dir/home/stodas/devel/src/pico/pico-sdk/src/rp2_common/pico_divider/divider_hardware.S.o (__aeabi_idiv0)
/usr/lib/gcc/arm-none-eabi/14.2.0/../../../../arm-none-eabi/lib/thumb/v6-m/nofp/libg.a(libc_a-atexit.o)
                              /usr/lib/gcc/arm-none-eabi/14.2.0/../../../../arm-none-eabi/lib/thumb/v6-m/nofp/crt0.o (atexit)
/usr/lib/gcc/arm-none-eabi/14.2.0/../../../../arm-none-eabi/lib/thumb/v6-m/nofp/libg.a(libc_a-calloc.o)
                              CMakeFiles/pico_hdj100.dir/home/stodas/devel/src/pico/pico-sdk/src/rp2_common/pico_malloc/malloc.c.o (calloc)
/usr/lib/gcc/arm-none-eabi/14.2.0/../../../../arm-none-eabi/lib/thumb/v6-m/nofp/libg.a(libc_a-callocr.o)
                              /usr/lib/gcc/arm-none-eabi/14.2.0/../../../../arm-none-eabi/lib/thumb/v6-m/nofp/libg.a(libc_a-calloc.o) (_calloc_r)
/usr/lib/gcc/arm-none-eabi/14.2.0/../../../../arm-none-eabi/lib/thumb/v6-m/nofp/libg.a(libc_a-malloc.o)
                              CMakeFiles/pico_hdj100.dir/home/stodas/devel/src/pico/pico-sdk/src/rp2_common/pico_malloc/malloc.c.o (malloc)
/usr/lib/gcc/arm-none-eabi/14.2.0/../../../../arm-none-eabi/lib/thumb/v6-m/nofp/libg.a(libc_a-mallocr.o)
                              /usr/lib/gcc/arm-none-eabi/14.2.0/../../../../arm-none-eabi/lib/thumb/v6-m/nofp/libg.a(libc_a-callocr.o) (_malloc_r)
/usr/lib/gcc/arm-none-eabi/14.2.0/../../../../arm-none-eabi/lib/thumb/v6-m/nofp/libg.a(libc_a-mlock.o)
                              /usr/lib/gcc/arm-none-eabi/14.2.0/../../../../arm-none-eabi/lib/thumb/v6-m/nofp/libg.a(libc_a-mallocr.o) (__malloc_lock)
/usr/lib/gcc/arm-none-eabi/14.2.0/../../../../arm-none-eabi/lib/thumb/v6-m/nofp/libg.a(libc_a-realloc.o)
                              CMakeFiles/pico_hdj100.dir/home/stodas/devel/src/pico/pico-sdk/src/rp2_common/pico_malloc/malloc.c.o (realloc)
/usr/lib/gcc/arm-none-eabi/14.2.0/../../../../arm-none-eabi/lib/thumb/v6-m/nofp/libg.a(libc_a-reallocr.o)
                              /usr/lib/gcc/arm-none-eabi/14.2.0/../../../../arm-none-eabi/lib/thumb/v6-m/nofp/libg.a(libc_a-realloc.o) (_realloc_r)
/usr/lib/gcc/arm-none-eabi/14.2.0/../../../../arm-none-eabi/lib/thumb/v6-m/nofp/libg.a(libc_a-memcmp.o)
                              CMakeFiles/pico_hdj100.dir/home/stodas/devel/src/pico/pico-sdk/src/rp2_common/pico_atomic/atomic.c.o (memcmp)
/usr/lib/gcc/arm-none-eabi/14.2.0/../../../../arm-none-eabi/lib/thumb/v6-m/nofp/libg.a(libc_a-memmove.o)
                              /usr/lib/gcc/arm-none-eabi/14.2.0/../../../../arm-none-eabi/lib/thumb/v6-m/nofp/libg.a(libc_a-reallocr.o) (memmove)
/usr/lib/gcc/arm-none-eabi/14.2.0/../../../../arm-none-eabi/lib/thumb/v6-m/nofp/libg.a(libc_a-lcltime_r.o)
                              CMakeFiles/pico_hdj100.dir/home/stodas/devel/src/pico/pico-sdk/src/common/pico_util/datetime.c.o (localtime_r)
/usr/lib/gcc/arm-none-eabi/14.2.0/../../../../arm-none-eabi/lib/thumb/v6-m/nofp/libg.a(libc_a-mktime.o)
                              CMakeFiles/pico_hdj100.dir/home/stodas/devel/src/pico/pico-sdk/src/common/pico_util/datetime.c.o (mktime)
/usr/lib/gcc/arm-none-eabi/14.2.0/../../../../arm-none-eabi/lib/thumb/v6-m/nofp/libg.a(libc_a-month_lengths.o)
                              /usr/lib/gcc/arm-none-eabi/14.2.0/../../../../arm-none-eabi/lib/thumb/v6-m/nofp/libg.a(libc_a-lcltime_r.o) (__month_lengths)
/usr/lib/gcc/arm-none-eabi/14.2.0/../../../../arm-none-eabi/lib/thumb/v6-m/nofp/libg.a(libc_a-tzcalc_limits.o)
                              /usr/lib/gcc/arm-none-eabi/14.2.0/../../../../arm-none-eabi/lib/thumb/v6-m/nofp/libg.a(libc_a-lcltime_r.o) (__tzcalc_limits)
/usr/lib/gcc/arm-none-eabi/14.2.0/../../../../arm-none-eabi/lib/thumb/v6-m/nofp/libg.a(libc_a-tzlock.o)
                              /usr/lib/gcc/arm-none-eabi/14.2.0/../../../../arm-none-eabi/lib/thumb/v6-m/nofp/libg.a(libc_a-lcltime_r.o) (__tz_lock)
/usr/lib/gcc/arm-none-eabi/14.2.0/../../../../arm-none-eabi/lib/thumb/v6-m/nofp/libg.a(libc_a-tzset.o)
                              /usr/lib/gcc/arm-none-eabi/14.2.0/../../../../arm-none-eabi/lib/thumb/v6-m/nofp/libg.a(libc_a-lcltime_r.o) (_tzset_unlocked)
/usr/lib/gcc/arm-none-eabi/14.2.0/../../../../arm-none-eabi/lib/thumb/v6-m/nofp/libg.a(libc_a-tzset_r.o)
                              /usr/lib/gcc/arm-none-eabi/14.2.0/../../../../arm-none-eabi/lib/thumb/v6-m/nofp/libg.a(libc_a-tzset.o) (_tzset_unlocked_r)
/usr/lib/gcc/arm-none-eabi/14.2.0/../../../../arm-none-eabi/lib/thumb/v6-m/nofp/libg.a(libc_a-tzvars.o)
                              /usr/lib/gcc/arm-none-eabi/14.2.0/../../../../arm-none-eabi/lib/thumb/v6-m/nofp/libg.a(libc_a-tzset_r.o) (_timezone)
/usr/lib/gcc/arm-none-eabi/14.2.0/../../../../arm-none-eabi/lib/thumb/v6-m/nofp/libg.a(libc_a-impure.o)
[...]
Memory Configuration

Name             Origin             Length             Attributes
FLASH            0x10000000         0x00200000         xr
RAM              0x20000000         0x00040000         xrw
SCRATCH_X        0x20040000         0x00001000         xrw
SCRATCH_Y        0x20041000         0x00001000         xrw
*default*        0x00000000         0xffffffff

Linker script and memory map

LOAD /usr/lib/gcc/arm-none-eabi/14.2.0/thumb/v6-m/nofp/crti.o
LOAD /usr/lib/gcc/arm-none-eabi/14.2.0/thumb/v6-m/nofp/crtbegin.o
LOAD /usr/lib/gcc/arm-none-eabi/14.2.0/../../../../arm-none-eabi/lib/thumb/v6-m/nofp/crt0.o

.flash_begin    0x10000000        0x0
                0x10000000                        __flash_binary_start = .

.boot2          0x10000000      0x100
                0x10000000                        __boot2_start__ = .
 *(.boot2)
 .boot2         0x10000000      0x100 pico-sdk/src/rp2040/boot_stage2/CMakeFiles/bs2_default_library.dir/bs2_default_padded_checksummed.S.o
                0x10000100                        __boot2_end__ = .
                0x00000001                        ASSERT (((__boot2_end__ - __boot2_start__) == 0x100), ERROR: Pico second stage bootloader must be 256 bytes in size)

.text           0x10000100     0x50c8
                0x10000100                        __logical_binary_start = .
 *(.vectors)
 .vectors       0x10000100       0xd4 CMakeFiles/pico_hdj100.dir/home/stodas/devel/src/pico/pico-sdk/src/rp2_common/pico_crt0/crt0.S.o
                0x10000100                __vectors
                0x10000100                __VECTOR_TABLE
                0x100001c0                isr_invalid
                0x100001c0                __default_isrs_start
                0x100001c2                isr_nmi
                0x100001c4                isr_hardfault
                0x100001c6                isr_svcall
                0x100001c8                isr_pendsv
                0x100001ca                isr_systick
                0x100001cc                isr_irq30
                0x100001cc                __unhandled_user_irq
                0x100001cc                isr_irq13
                0x100001cc                isr_irq27
                0x100001cc                isr_irq31
                0x100001cc                isr_irq5
                0x100001cc                isr_irq11
                0x100001cc                isr_irq23
                0x100001cc                isr_irq18
                0x100001cc                isr_irq28
                0x100001cc                isr_irq19
                0x100001cc                isr_irq0
                0x100001cc                isr_irq6
                0x100001cc                isr_irq22
                0x100001cc                isr_irq17
                0x100001cc                isr_irq14
                0x100001cc                isr_irq2
                0x100001cc                isr_irq10
                0x100001cc                isr_irq8
                0x100001cc                isr_irq24
                0x100001cc                isr_irq1
                0x100001cc                isr_irq7
                0x100001cc                isr_irq21
                0x100001cc                isr_irq20
                0x100001cc                isr_irq15
                0x100001cc                isr_irq25
                0x100001cc                isr_irq4
                0x100001cc                isr_irq16
                0x100001cc                isr_irq29
                0x100001cc                isr_irq26
                0x100001cc                __default_isrs_end
                0x100001cc                isr_irq3
                0x100001cc                isr_irq12
                0x100001cc                isr_irq9
                0x100001d2                unhandled_user_irq_num_in_r0
 *(.binary_info_header)
 .binary_info_header
                0x100001d4       0x14 CMakeFiles/pico_hdj100.dir/home/stodas/devel/src/pico/pico-sdk/src/rp2_common/pico_crt0/crt0.S.o
                0x100001e8                        __binary_info_header_end = .
 *(.embedded_block)
                0x100001e8                        __embedded_block_end = .
 *(.reset)
 .reset         0x100001e8       0x9c CMakeFiles/pico_hdj100.dir/home/stodas/devel/src/pico/pico-sdk/src/rp2_common/pico_crt0/crt0.S.o
                0x100001e8                _entry_point
 *(.init)
 .init          0x10000284        0x4 /usr/lib/gcc/arm-none-eabi/14.2.0/thumb/v6-m/nofp/crti.o
                0x10000284                _init
 *(EXCLUDE_FILE(*libm.a: *libc.a:*lib_a-mem*.o *libgcc.a:) .text*)
 .text.frame_dummy
                0x10000288       0x20 /usr/lib/gcc/arm-none-eabi/14.2.0/thumb/v6-m/nofp/crtbegin.o
 .text.panic    0x100002a8       0x40 CMakeFiles/pico_hdj100.dir/home/stodas/devel/src/pico/pico-sdk/src/rp2_common/pico_platform_panic/panic.c.o
                0x100002a8                panic
 .text.hw_claim_lock
                0x100002e8       0x50 CMakeFiles/pico_hdj100.dir/home/stodas/devel/src/pico/pico-sdk/src/common/hardware_claim/claim.c.o
                0x100002e8                hw_claim_lock
 .text.hw_claim_unlock
                0x10000338       0x4c CMakeFiles/pico_hdj100.dir/home/stodas/devel/src/pico/pico-sdk/src/common/hardware_claim/claim.c.o
                0x10000338                hw_claim_unlock
 .text.hw_is_claimed
                0x10000384       0x32 CMakeFiles/pico_hdj100.dir/home/stodas/devel/src/pico/pico-sdk/src/common/hardware_claim/claim.c.o
                0x10000384                hw_is_claimed
 .text.hw_claim_or_assert
                0x100003b6       0x66 CMakeFiles/pico_hdj100.dir/home/stodas/devel/src/pico/pico-sdk/src/common/hardware_claim/claim.c.o
                0x100003b6                hw_claim_or_assert
 .text.next_striped_spin_lock_num
                0x1000041c       0x30 CMakeFiles/pico_hdj100.dir/home/stodas/devel/src/pico/pico-sdk/src/rp2_common/hardware_sync/sync.c.o
                0x1000041c                next_striped_spin_lock_num
 .text.spin_locks_reset
                0x1000044c       0x48 CMakeFiles/pico_hdj100.dir/home/stodas/devel/src/pico/pico-sdk/src/rp2_common/hardware_sync_spin_lock/sync_spin_lock.c.o
                0x1000044c                spin_locks_reset
 .text.check_irq_param
                0x10000494       0x10 CMakeFiles/pico_hdj100.dir/home/stodas/devel/src/pico/pico-sdk/src/rp2_common/hardware_irq/irq.c.o
 .text.get_vtable
                0x100004a4       0x14 CMakeFiles/pico_hdj100.dir/home/stodas/devel/src/pico/pico-sdk/src/rp2_common/hardware_irq/irq.c.o
 .text.set_raw_irq_handler_and_unlock
                0x100004b8       0x68 CMakeFiles/pico_hdj100.dir/home/stodas/devel/src/pico/pico-sdk/src/rp2_common/hardware_irq/irq.c.o
 .text.irq_set_enabled
                0x10000520       0x38 CMakeFiles/pico_hdj100.dir/home/stodas/devel/src/pico/pico-sdk/src/rp2_common/hardware_irq/irq.c.o
                0x10000520                irq_set_enabled
 .text.irq_set_mask_n_enabled_internal
                0x10000558       0x3c CMakeFiles/pico_hdj100.dir/home/stodas/devel/src/pico/pico-sdk/src/rp2_common/hardware_irq/irq.c.o
 .text.irq_set_mask_n_enabled
                0x10000594       0x24 CMakeFiles/pico_hdj100.dir/home/stodas/devel/src/pico/pico-sdk/src/rp2_common/hardware_irq/irq.c.o
                0x10000594                irq_set_mask_n_enabled
 .text.irq_get_vtable_handler
                0x100005b8       0x28 CMakeFiles/pico_hdj100.dir/home/stodas/devel/src/pico/pico-sdk/src/rp2_common/hardware_irq/irq.c.o
                0x100005b8                irq_get_vtable_handler
 .text.irq_set_exclusive_handler
                0x100005e0       0xa8 CMakeFiles/pico_hdj100.dir/home/stodas/devel/src/pico/pico-sdk/src/rp2_common/hardware_irq/irq.c.o
                0x100005e0                irq_set_exclusive_handler
 .text.nvic_ipr0
                0x10000688       0x10 CMakeFiles/pico_hdj100.dir/home/stodas/devel/src/pico/pico-sdk/src/rp2_common/hardware_irq/irq.c.o
 .text.runtime_init_per_core_irq_priorities
                0x10000698       0x3c CMakeFiles/pico_hdj100.dir/home/stodas/devel/src/pico/pico-sdk/src/rp2_common/hardware_irq/irq.c.o
                0x10000698                runtime_init_per_core_irq_priorities
 .text.lock_init
                0x100006d4       0x2c CMakeFiles/pico_hdj100.dir/home/stodas/devel/src/pico/pico-sdk/src/common/pico_sync/lock_core.c.o
                0x100006d4                lock_init
 .text.runtime_init_mutex
                0x10000700       0x74 CMakeFiles/pico_hdj100.dir/home/stodas/devel/src/pico/pico-sdk/src/common/pico_sync/mutex.c.o
                0x10000700                runtime_init_mutex
 .text.mutex_init
                0x10000774       0x2e CMakeFiles/pico_hdj100.dir/home/stodas/devel/src/pico/pico-sdk/src/common/pico_sync/mutex.c.o
                0x10000774                mutex_init
 .text.recursive_mutex_init
                0x100007a2       0x34 CMakeFiles/pico_hdj100.dir/home/stodas/devel/src/pico/pico-sdk/src/common/pico_sync/mutex.c.o
                0x100007a2                recursive_mutex_init
 .text.to_us_since_boot
                0x100007d6       0x18 CMakeFiles/pico_hdj100.dir/home/stodas/devel/src/pico/pico-sdk/src/common/pico_time/time.c.o
 .text.update_us_since_boot
                0x100007ee       0x1e CMakeFiles/pico_hdj100.dir/home/stodas/devel/src/pico/pico-sdk/src/common/pico_time/time.c.o
 .text.check_hardware_alarm_num_param
                0x1000080c       0x10 CMakeFiles/pico_hdj100.dir/home/stodas/devel/src/pico/pico-sdk/src/common/pico_time/time.c.o
 .text.timer_time_us_32
                0x1000081c       0x14 CMakeFiles/pico_hdj100.dir/home/stodas/devel/src/pico/pico-sdk/src/common/pico_time/time.c.o
 .text.timer_time_reached
                0x10000830       0x62 CMakeFiles/pico_hdj100.dir/home/stodas/devel/src/pico/pico-sdk/src/common/pico_time/time.c.o
 *fill*         0x10000892        0x2 
 .text.time_reached
                0x10000894       0x24 CMakeFiles/pico_hdj100.dir/home/stodas/devel/src/pico/pico-sdk/src/common/pico_time/time.c.o
 .text.timer_hardware_alarm_get_irq_num
                0x100008b8       0x1c CMakeFiles/pico_hdj100.dir/home/stodas/devel/src/pico/pico-sdk/src/common/pico_time/time.c.o
 .text.timer_get_index
                0x100008d4       0x12 CMakeFiles/pico_hdj100.dir/home/stodas/devel/src/pico/pico-sdk/src/common/pico_time/time.c.o
 *fill*         0x100008e6        0x2 
 .text.timer_get_instance
                0x100008e8       0x18 CMakeFiles/pico_hdj100.dir/home/stodas/devel/src/pico/pico-sdk/src/common/pico_time/time.c.o
 .text.get_absolute_time
                0x10000900       0x24 CMakeFiles/pico_hdj100.dir/home/stodas/devel/src/pico/pico-sdk/src/common/pico_time/time.c.o
 .text.absolute_time_diff_us
                0x10000924       0x40 CMakeFiles/pico_hdj100.dir/home/stodas/devel/src/pico/pico-sdk/src/common/pico_time/time.c.o
 .text.add_alarm_at
                0x10000964       0x34 CMakeFiles/pico_hdj100.dir/home/stodas/devel/src/pico/pico-sdk/src/common/pico_time/time.c.o
 .text.cancel_alarm
                0x10000998       0x22 CMakeFiles/pico_hdj100.dir/home/stodas/devel/src/pico/pico-sdk/src/common/pico_time/time.c.o
 *fill*         0x100009ba        0x2 
 .text.default_alarm_pool_initialized
                0x100009bc       0x18 CMakeFiles/pico_hdj100.dir/home/stodas/devel/src/pico/pico-sdk/src/common/pico_time/time.c.o
 .text.ta_force_irq
                0x100009d4       0x34 CMakeFiles/pico_hdj100.dir/home/stodas/devel/src/pico/pico-sdk/src/common/pico_time/time.c.o
 .text.ta_clear_force_irq
                0x10000a08       0x34 CMakeFiles/pico_hdj100.dir/home/stodas/devel/src/pico/pico-sdk/src/common/pico_time/time.c.o
 .text.ta_clear_irq
                0x10000a3c       0x1c CMakeFiles/pico_hdj100.dir/home/stodas/devel/src/pico/pico-sdk/src/common/pico_time/time.c.o
 .text.ta_from_current_irq
                0x10000a58       0x36 CMakeFiles/pico_hdj100.dir/home/stodas/devel/src/pico/pico-sdk/src/common/pico_time/time.c.o
 .text.ta_set_timeout
                0x10000a8e       0x4e CMakeFiles/pico_hdj100.dir/home/stodas/devel/src/pico/pico-sdk/src/common/pico_time/time.c.o
 .text.ta_wakes_up_on_or_before
                0x10000adc       0x46 CMakeFiles/pico_hdj100.dir/home/stodas/devel/src/pico/pico-sdk/src/common/pico_time/time.c.o
 .text.ta_time_us_64
                0x10000b22       0x1e CMakeFiles/pico_hdj100.dir/home/stodas/devel/src/pico/pico-sdk/src/common/pico_time/time.c.o
 .text.ta_enable_irq_handler
                0x10000b40       0x66 CMakeFiles/pico_hdj100.dir/home/stodas/devel/src/pico/pico-sdk/src/common/pico_time/time.c.o
 .text.ta_hardware_alarm_claim
                0x10000ba6       0x1e CMakeFiles/pico_hdj100.dir/home/stodas/devel/src/pico/pico-sdk/src/common/pico_time/time.c.o
 .text.ta_timer_num
                0x10000bc4       0x1a CMakeFiles/pico_hdj100.dir/home/stodas/devel/src/pico/pico-sdk/src/common/pico_time/time.c.o
 *fill*         0x10000bde        0x2 
 .text.ta_default_timer_instance
                0x10000be0       0x10 CMakeFiles/pico_hdj100.dir/home/stodas/devel/src/pico/pico-sdk/src/common/pico_time/time.c.o
 .text.alarm_index
                0x10000bf0       0x16 CMakeFiles/pico_hdj100.dir/home/stodas/devel/src/pico/pico-sdk/src/common/pico_time/time.c.o
 .text.alarm_sequence
                0x10000c06       0x14 CMakeFiles/pico_hdj100.dir/home/stodas/devel/src/pico/pico-sdk/src/common/pico_time/time.c.o
 .text.make_alarm_id
                0x10000c1a       0x20 CMakeFiles/pico_hdj100.dir/home/stodas/devel/src/pico/pico-sdk/src/common/pico_time/time.c.o
 *fill*         0x10000c3a        0x2 
 .text.runtime_init_default_alarm_pool
                0x10000c3c       0x50 CMakeFiles/pico_hdj100.dir/home/stodas/devel/src/pico/pico-sdk/src/common/pico_time/time.c.o
                0x10000c3c                runtime_init_default_alarm_pool
 .text.alarm_pool_get_default
                0x10000c8c       0x30 CMakeFiles/pico_hdj100.dir/home/stodas/devel/src/pico/pico-sdk/src/common/pico_time/time.c.o
                0x10000c8c                alarm_pool_get_default
 .text.alarm_pool_irq_handler
                0x10000cbc      0x620 CMakeFiles/pico_hdj100.dir/home/stodas/devel/src/pico/pico-sdk/src/common/pico_time/time.c.o
 .text.alarm_pool_post_alloc_init
                0x100012dc       0xd0 CMakeFiles/pico_hdj100.dir/home/stodas/devel/src/pico/pico-sdk/src/common/pico_time/time.c.o
 .text.alarm_pool_add_alarm_at
                0x100013ac       0x5c CMakeFiles/pico_hdj100.dir/home/stodas/devel/src/pico/pico-sdk/src/common/pico_time/time.c.o
                0x100013ac                alarm_pool_add_alarm_at
 .text.alarm_pool_add_alarm_at_force_in_context
                0x10001408      0x1aa CMakeFiles/pico_hdj100.dir/home/stodas/devel/src/pico/pico-sdk/src/common/pico_time/time.c.o
                0x10001408                alarm_pool_add_alarm_at_force_in_context
 *fill*         0x100015b2        0x2 
 .text.alarm_pool_cancel_alarm
                0x100015b4      0x11c CMakeFiles/pico_hdj100.dir/home/stodas/devel/src/pico/pico-sdk/src/common/pico_time/time.c.o
                0x100015b4                alarm_pool_cancel_alarm
 .text.sleep_until_callback
                0x100016d0       0x84 CMakeFiles/pico_hdj100.dir/home/stodas/devel/src/pico/pico-sdk/src/common/pico_time/time.c.o
 .text.best_effort_wfe_or_timeout
                0x10001754       0xd8 CMakeFiles/pico_hdj100.dir/home/stodas/devel/src/pico/pico-sdk/src/common/pico_time/time.c.o
                0x10001754                best_effort_wfe_or_timeout
 .text.alarm_pool_get_default_timer
                0x1000182c       0x10 CMakeFiles/pico_hdj100.dir/home/stodas/devel/src/pico/pico-sdk/src/common/pico_time/time.c.o
                0x1000182c                alarm_pool_get_default_timer
 .text.check_hardware_alarm_num_param
                0x1000183c       0x10 CMakeFiles/pico_hdj100.dir/home/stodas/devel/src/pico/pico-sdk/src/rp2_common/hardware_timer/timer.c.o
 .text.timer_get_index
                0x1000184c       0x12 CMakeFiles/pico_hdj100.dir/home/stodas/devel/src/pico/pico-sdk/src/rp2_common/hardware_timer/timer.c.o
 *fill*         0x1000185e        0x2 
 .text.timer_hardware_alarm_claim
                0x10001860       0x3c CMakeFiles/pico_hdj100.dir/home/stodas/devel/src/pico/pico-sdk/src/rp2_common/hardware_timer/timer.c.o
                0x10001860                timer_hardware_alarm_claim
 .text.timer_time_us_64
                0x1000189c       0x5a CMakeFiles/pico_hdj100.dir/home/stodas/devel/src/pico/pico-sdk/src/rp2_common/hardware_timer/timer.c.o
                0x1000189c                timer_time_us_64
 *fill*         0x100018f6        0x2 
 .text.time_us_64
                0x100018f8       0x1c CMakeFiles/pico_hdj100.dir/home/stodas/devel/src/pico/pico-sdk/src/rp2_common/hardware_timer/timer.c.o
                0x100018f8                time_us_64
 .text.busy_wait_at_least_cycles
                0x10001914       0x18 CMakeFiles/pico_hdj100.dir/home/stodas/devel/src/pico/pico-sdk/src/rp2_common/hardware_clocks/clocks.c.o
 .text.has_glitchless_mux
                0x1000192c       0x32 CMakeFiles/pico_hdj100.dir/home/stodas/devel/src/pico/pico-sdk/src/rp2_common/hardware_clocks/clocks.c.o
 *fill*         0x1000195e        0x2 
 .text.clock_configure_internal
                0x10001960      0x18c CMakeFiles/pico_hdj100.dir/home/stodas/devel/src/pico/pico-sdk/src/rp2_common/hardware_clocks/clocks.c.o
 .text.clock_configure_int_divider
                0x10001aec       0x3e CMakeFiles/pico_hdj100.dir/home/stodas/devel/src/pico/pico-sdk/src/rp2_common/hardware_clocks/clocks.c.o
                0x10001aec                clock_configure_int_divider
 .text.clock_configure_undivided
                0x10001b2a       0x32 CMakeFiles/pico_hdj100.dir/home/stodas/devel/src/pico/pico-sdk/src/rp2_common/hardware_clocks/clocks.c.o
                0x10001b2a                clock_configure_undivided
 .text.clock_get_hz
                0x10001b5c       0x24 CMakeFiles/pico_hdj100.dir/home/stodas/devel/src/pico/pico-sdk/src/rp2_common/hardware_clocks/clocks.c.o
                0x10001b5c                clock_get_hz
 .text.clock_set_reported_hz
                0x10001b80       0x28 CMakeFiles/pico_hdj100.dir/home/stodas/devel/src/pico/pico-sdk/src/rp2_common/hardware_clocks/clocks.c.o
                0x10001b80                clock_set_reported_hz
 .text.reset_unreset_block_num_wait_blocking
                0x10001ba8       0x7c CMakeFiles/pico_hdj100.dir/home/stodas/devel/src/pico/pico-sdk/src/rp2_common/hardware_pll/pll.c.o
 .text.pll_init
                0x10001c24      0x174 CMakeFiles/pico_hdj100.dir/home/stodas/devel/src/pico/pico-sdk/src/rp2_common/hardware_pll/pll.c.o
                0x10001c24                pll_init
 .text.tick_start
                0x10001d98       0x28 CMakeFiles/pico_hdj100.dir/home/stodas/devel/src/pico/pico-sdk/src/rp2_common/hardware_ticks/ticks.c.o
                0x10001d98                tick_start
 .text.rom_func_lookup
                0x10001dc0       0x40 CMakeFiles/pico_hdj100.dir/home/stodas/devel/src/pico/pico-sdk/src/rp2_common/pico_bootrom/bootrom.c.o
                0x10001dc0                rom_func_lookup
 .text.rom_data_lookup
                0x10001e00       0x3c CMakeFiles/pico_hdj100.dir/home/stodas/devel/src/pico/pico-sdk/src/rp2_common/pico_bootrom/bootrom.c.o
                0x10001e00                rom_data_lookup
 .text.rom_funcs_lookup
                0x10001e3c       0x68 CMakeFiles/pico_hdj100.dir/home/stodas/devel/src/pico/pico-sdk/src/rp2_common/pico_bootrom/bootrom.c.o
                0x10001e3c                rom_funcs_lookup
 .text.xosc_init
                0x10001ea4       0x4c CMakeFiles/pico_hdj100.dir/home/stodas/devel/src/pico/pico-sdk/src/rp2_common/hardware_xosc/xosc.c.o
                0x10001ea4                xosc_init
 .text.runtime_run_initializers_from
                0x10001ef0       0x34 CMakeFiles/pico_hdj100.dir/home/stodas/devel/src/pico/pico-sdk/src/rp2_common/pico_runtime/runtime.c.o
 .text.runtime_run_initializers
                0x10001f24       0x18 CMakeFiles/pico_hdj100.dir/home/stodas/devel/src/pico/pico-sdk/src/rp2_common/pico_runtime/runtime.c.o
                0x10001f24                runtime_run_initializers
 .text.first_per_core_initializer
                0x10001f3c        0xa CMakeFiles/pico_hdj100.dir/home/stodas/devel/src/pico/pico-sdk/src/rp2_common/pico_runtime/runtime.c.o
 *fill*         0x10001f46        0x2 
 .text.runtime_init_early_resets
                0x10001f48       0x84 CMakeFiles/pico_hdj100.dir/home/stodas/devel/src/pico/pico-sdk/src/rp2_common/pico_runtime_init/runtime_init.c.o
                0x10001f48                runtime_init_early_resets
 .text.runtime_init_usb_power_down
                0x10001fcc       0x38 CMakeFiles/pico_hdj100.dir/home/stodas/devel/src/pico/pico-sdk/src/rp2_common/pico_runtime_init/runtime_init.c.o
                0x10001fcc                runtime_init_usb_power_down
 .text.runtime_init_post_clock_resets
                0x10002004       0x58 CMakeFiles/pico_hdj100.dir/home/stodas/devel/src/pico/pico-sdk/src/rp2_common/pico_runtime_init/runtime_init.c.o
                0x10002004                runtime_init_post_clock_resets
 .text.runtime_init_rp2040_gpio_ie_disable
                0x1000205c       0x28 CMakeFiles/pico_hdj100.dir/home/stodas/devel/src/pico/pico-sdk/src/rp2_common/pico_runtime_init/runtime_init.c.o
                0x1000205c                runtime_init_rp2040_gpio_ie_disable
 .text.runtime_init_spin_locks_reset
                0x10002084        0xe CMakeFiles/pico_hdj100.dir/home/stodas/devel/src/pico/pico-sdk/src/rp2_common/pico_runtime_init/runtime_init.c.o
                0x10002084                runtime_init_spin_locks_reset
 *fill*         0x10002092        0x2 
 .text.runtime_init_install_ram_vector_table
                0x10002094       0x2c CMakeFiles/pico_hdj100.dir/home/stodas/devel/src/pico/pico-sdk/src/rp2_common/pico_runtime_init/runtime_init.c.o
                0x10002094                runtime_init_install_ram_vector_table
 .text.running_on_fpga
                0x100020c0        0xc CMakeFiles/pico_hdj100.dir/home/stodas/devel/src/pico/pico-sdk/src/rp2_common/pico_runtime_init/runtime_init_clocks.c.o
 .text.start_all_ticks
                0x100020cc       0x48 CMakeFiles/pico_hdj100.dir/home/stodas/devel/src/pico/pico-sdk/src/rp2_common/pico_runtime_init/runtime_init_clocks.c.o
 .text.runtime_init_clocks
                0x10002114      0x140 CMakeFiles/pico_hdj100.dir/home/stodas/devel/src/pico/pico-sdk/src/rp2_common/pico_runtime_init/runtime_init_clocks.c.o
                0x10002114                runtime_init_clocks
 .text          0x10002254       0x10 CMakeFiles/pico_hdj100.dir/home/stodas/devel/src/pico/pico-sdk/src/rp2_common/pico_bit_ops/bit_ops_aeabi.S.o
 .text.__wrap___aeabi_idiv
                0x10002264       0x50 CMakeFiles/pico_hdj100.dir/home/stodas/devel/src/pico/pico-sdk/src/rp2_common/pico_divider/divider_hardware.S.o
                0x10002264                __wrap___aeabi_idivmod
                0x10002264                divmod_s32s32
                0x10002264                div_s32s32
                0x10002264                __wrap___aeabi_idiv
                0x1000226c                divmod_s32s32_unsafe
                0x10002298                divmod_s32s32_savestate
 .text.__wrap___aeabi_uidiv
                0x100022b4       0x4c CMakeFiles/pico_hdj100.dir/home/stodas/devel/src/pico/pico-sdk/src/rp2_common/pico_divider/divider_hardware.S.o
                0x100022b4                __wrap___aeabi_uidiv
                0x100022b4                __wrap___aeabi_uidivmod
                0x100022b4                div_u32u32
                0x100022b4                divmod_u32u32
                0x100022bc                divmod_u32u32_unsafe
                0x100022e4                divmod_u32u32_savestate
 .text.__wrap___aeabi_ldiv
                0x10002300      0x424 CMakeFiles/pico_hdj100.dir/home/stodas/devel/src/pico/pico-sdk/src/rp2_common/pico_divider/divider_hardware.S.o
                0x10002300                div_s64s64
                0x10002300                divmod_s64s64
                0x10002300                __wrap___aeabi_ldivmod
                0x10002330                div_u64u64
                0x10002330                divmod_u64u64
                0x10002330                __wrap___aeabi_uldivmod
                0x10002340                divmod_u64u64_savestate
                0x10002360                divmod_s64s64_unsafe
                0x100023e8                divmod_u64u64_unsafe
 .text.__wrap___aeabi_darithmetic
                0x10002724       0x80 CMakeFiles/pico_hdj100.dir/home/stodas/devel/src/pico/pico-sdk/src/rp2_common/pico_double/double_aeabi_rp2040.S.o
                0x10002724                __wrap___aeabi_drsub
                0x1000272a                __wrap___aeabi_dsub
                0x1000273c                __wrap___aeabi_dadd
                0x1000274e                __wrap___aeabi_ddiv
                0x1000278a                __wrap___aeabi_dmul
 .text.__wrap___aeabi_cdcmple
                0x100027a4       0x6c CMakeFiles/pico_hdj100.dir/home/stodas/devel/src/pico/pico-sdk/src/rp2_common/pico_double/double_aeabi_rp2040.S.o
                0x100027a4                __wrap___aeabi_cdrcmple
                0x100027b4                __wrap___aeabi_cdcmple
                0x100027b4                __wrap___aeabi_cdcmpeq
 .text.__wrap___aeabi_dcmplt
                0x10002810        0xc CMakeFiles/pico_hdj100.dir/home/stodas/devel/src/pico/pico-sdk/src/rp2_common/pico_double/double_aeabi_rp2040.S.o
                0x10002810                __wrap___aeabi_dcmplt
 .text.__wrap___aeabi_dcmpge
                0x1000281c       0x10 CMakeFiles/pico_hdj100.dir/home/stodas/devel/src/pico/pico-sdk/src/rp2_common/pico_double/double_aeabi_rp2040.S.o
                0x1000281c                __wrap___aeabi_dcmpge
 .text.__wrap___aeabi_dcmpgt
                0x1000282c        0xa CMakeFiles/pico_hdj100.dir/home/stodas/devel/src/pico/pico-sdk/src/rp2_common/pico_double/double_aeabi_rp2040.S.o
                0x1000282c                __wrap___aeabi_dcmpgt
 .text.__wrap___aeabi_dcmpun
                0x10002836       0x18 CMakeFiles/pico_hdj100.dir/home/stodas/devel/src/pico/pico-sdk/src/rp2_common/pico_double/double_aeabi_rp2040.S.o
                0x10002836                __wrap___aeabi_dcmpun
 *fill*         0x1000284e        0x2 
 .text.__wrap___aeabi_i2d
                0x10002850       0x38 CMakeFiles/pico_hdj100.dir/home/stodas/devel/src/pico/pico-sdk/src/rp2_common/pico_double/double_aeabi_rp2040.S.o
                0x10002850                __wrap___aeabi_ui2d
                0x10002858                __wrap___aeabi_i2d
 .text.__wrap___aeabi_d2iz
                0x10002888       0x48 CMakeFiles/pico_hdj100.dir/home/stodas/devel/src/pico/pico-sdk/src/rp2_common/pico_double/double_aeabi_rp2040.S.o
                0x10002888                __wrap___aeabi_d2iz
                0x10002888                double2int_z
 .text.__wrap___aeabi_d2uiz
                0x100028d0       0x18 CMakeFiles/pico_hdj100.dir/home/stodas/devel/src/pico/pico-sdk/src/rp2_common/pico_double/double_aeabi_rp2040.S.o
                0x100028d0                double2uint
                0x100028d0                __wrap___aeabi_d2uiz
 .text.rp2040_rom_version
                0x100028e8        0xe CMakeFiles/pico_hdj100.dir/home/stodas/devel/src/pico/pico-sdk/src/rp2_common/pico_double/double_init_rom_rp2040.c.o
 .text.rom_table_code
                0x100028f6       0x26 CMakeFiles/pico_hdj100.dir/home/stodas/devel/src/pico/pico-sdk/src/rp2_common/pico_double/double_init_rom_rp2040.c.o
 .text.__aeabi_double_init
                0x1000291c      0x100 CMakeFiles/pico_hdj100.dir/home/stodas/devel/src/pico/pico-sdk/src/rp2_common/pico_double/double_init_rom_rp2040.c.o
                0x1000291c                __aeabi_double_init
 .text.double_table_shim_on_use_helper
                0x10002a1c       0x34 CMakeFiles/pico_hdj100.dir/home/stodas/devel/src/pico/pico-sdk/src/rp2_common/pico_double/double_v1_rom_shim_rp2040.S.o
                0x10002a1c                double_table_shim_on_use_helper
 .text.__wrap___aeabi_dsub
                0x10002a50       0x10 CMakeFiles/pico_hdj100.dir/home/stodas/devel/src/pico/pico-sdk/src/rp2_common/pico_double/double_v1_rom_shim_rp2040.S.o
                0x10002a50                drsub_shim
                0x10002a56                dsub_shim
 .text.dadd_shim
                0x10002a60      0x15c CMakeFiles/pico_hdj100.dir/home/stodas/devel/src/pico/pico-sdk/src/rp2_common/pico_double/double_v1_rom_shim_rp2040.S.o
                0x10002a60                dadd_shim
 .text.dmul_shim
                0x10002bbc      0x15c CMakeFiles/pico_hdj100.dir/home/stodas/devel/src/pico/pico-sdk/src/rp2_common/pico_double/double_v1_rom_shim_rp2040.S.o
                0x10002bbc                dmul_shim
 .text.ddiv_shim
                0x10002d18      0x1b0 CMakeFiles/pico_hdj100.dir/home/stodas/devel/src/pico/pico-sdk/src/rp2_common/pico_double/double_v1_rom_shim_rp2040.S.o
                0x10002d18                ddiv_shim
 .text.double2uint_shim
                0x10002ec8        0xe CMakeFiles/pico_hdj100.dir/home/stodas/devel/src/pico/pico-sdk/src/rp2_common/pico_double/double_v1_rom_shim_rp2040.S.o
                0x10002ec8                double2uint_shim
                0x10002eca                double2ufix_shim
 *fill*         0x10002ed6        0x2 
 .text.double2uint64_shim
                0x10002ed8       0x70 CMakeFiles/pico_hdj100.dir/home/stodas/devel/src/pico/pico-sdk/src/rp2_common/pico_double/double_v1_rom_shim_rp2040.S.o
                0x10002ed8                double2uint64_shim
                0x10002eda                double2ufix64_shim
                0x10002efa                d2fix_a
 .text.dunpacks
                0x10002f48       0x3c CMakeFiles/pico_hdj100.dir/home/stodas/devel/src/pico/pico-sdk/src/rp2_common/pico_double/double_v1_rom_shim_rp2040.S.o
                0x10002f48                dunpacks
 .text.__aeabi_lmul
                0x10002f84       0x32 CMakeFiles/pico_hdj100.dir/home/stodas/devel/src/pico/pico-sdk/src/rp2_common/pico_int64_ops/pico_int64_ops_aeabi.S.o
                0x10002f84                __wrap___aeabi_lmul
 .text.rp2040_rom_version
                0x10002fb6        0xe CMakeFiles/pico_hdj100.dir/home/stodas/devel/src/pico/pico-sdk/src/rp2_common/pico_float/float_init_rom_rp2040.c.o
 .text.rom_table_code
                0x10002fc4       0x26 CMakeFiles/pico_hdj100.dir/home/stodas/devel/src/pico/pico-sdk/src/rp2_common/pico_float/float_init_rom_rp2040.c.o
 *fill*         0x10002fea        0x2 
 .text.__aeabi_float_init
                0x10002fec      0x130 CMakeFiles/pico_hdj100.dir/home/stodas/devel/src/pico/pico-sdk/src/rp2_common/pico_float/float_init_rom_rp2040.c.o
                0x10002fec                __aeabi_float_init
 .text.float_table_shim_on_use_helper
                0x1000311c       0x34 CMakeFiles/pico_hdj100.dir/home/stodas/devel/src/pico/pico-sdk/src/rp2_common/pico_float/float_v1_rom_shim_rp2040.S.o
                0x1000311c                float_table_shim_on_use_helper
 .text          0x10003150       0x10 CMakeFiles/pico_hdj100.dir/home/stodas/devel/src/pico/pico-sdk/src/rp2_common/pico_mem_ops/mem_ops_aeabi.S.o
                0x10003150                __aeabi_mem_init
 .text.memset   0x10003160        0xc CMakeFiles/pico_hdj100.dir/home/stodas/devel/src/pico/pico-sdk/src/rp2_common/pico_mem_ops/mem_ops_aeabi.S.o
                0x10003160                __wrap_memset
 .text.memcpy   0x1000316c        0xc CMakeFiles/pico_hdj100.dir/home/stodas/devel/src/pico/pico-sdk/src/rp2_common/pico_mem_ops/mem_ops_aeabi.S.o
                0x1000316c                __wrap___aeabi_memcpy
                0x1000316c                __wrap_memcpy
 .text._out_null
                0x10003178       0x1c CMakeFiles/pico_hdj100.dir/home/stodas/devel/src/pico/pico-sdk/src/rp2_common/pico_printf/printf.c.o
 .text._out_fct
                0x10003194       0x36 CMakeFiles/pico_hdj100.dir/home/stodas/devel/src/pico/pico-sdk/src/rp2_common/pico_printf/printf.c.o
 .text._strnlen_s
                0x100031ca       0x36 CMakeFiles/pico_hdj100.dir/home/stodas/devel/src/pico/pico-sdk/src/rp2_common/pico_printf/printf.c.o
 .text._is_digit
                0x10003200       0x32 CMakeFiles/pico_hdj100.dir/home/stodas/devel/src/pico/pico-sdk/src/rp2_common/pico_printf/printf.c.o
 .text._atoi    0x10003232       0x46 CMakeFiles/pico_hdj100.dir/home/stodas/devel/src/pico/pico-sdk/src/rp2_common/pico_printf/printf.c.o
 .text._out_rev
                0x10003278       0x9a CMakeFiles/pico_hdj100.dir/home/stodas/devel/src/pico/pico-sdk/src/rp2_common/pico_printf/printf.c.o
 .text._ntoa_format
                0x10003312      0x1ac CMakeFiles/pico_hdj100.dir/home/stodas/devel/src/pico/pico-sdk/src/rp2_common/pico_printf/printf.c.o
 .text._ntoa_long
                0x100034be       0xd2 CMakeFiles/pico_hdj100.dir/home/stodas/devel/src/pico/pico-sdk/src/rp2_common/pico_printf/printf.c.o
 .text._ntoa_long_long
                0x10003590       0xe6 CMakeFiles/pico_hdj100.dir/home/stodas/devel/src/pico/pico-sdk/src/rp2_common/pico_printf/printf.c.o
 *fill*         0x10003676        0x2 
 .text._ftoa    0x10003678      0x494 CMakeFiles/pico_hdj100.dir/home/stodas/devel/src/pico/pico-sdk/src/rp2_common/pico_printf/printf.c.o
 .text._etoa    0x10003b0c      0x594 CMakeFiles/pico_hdj100.dir/home/stodas/devel/src/pico/pico-sdk/src/rp2_common/pico_printf/printf.c.o
 .text._vsnprintf
                0x100040a0      0x8fc CMakeFiles/pico_hdj100.dir/home/stodas/devel/src/pico/pico-sdk/src/rp2_common/pico_printf/printf.c.o
 .text.vfctprintf
                0x1000499c       0x40 CMakeFiles/pico_hdj100.dir/home/stodas/devel/src/pico/pico-sdk/src/rp2_common/pico_printf/printf.c.o
                0x1000499c                vfctprintf
 .text._exit    0x100049dc        0xe CMakeFiles/pico_hdj100.dir/home/stodas/devel/src/pico/pico-sdk/src/rp2_common/pico_clib_interface/newlib_interface.c.o
                0x100049dc                _exit
 .text.exit     0x100049ea       0x10 CMakeFiles/pico_hdj100.dir/home/stodas/devel/src/pico/pico-sdk/src/rp2_common/pico_clib_interface/newlib_interface.c.o
                0x100049ea                exit
 *fill*         0x100049fa        0x2 
 .text.__assert_func
                0x100049fc       0x4c CMakeFiles/pico_hdj100.dir/home/stodas/devel/src/pico/pico-sdk/src/rp2_common/pico_clib_interface/newlib_interface.c.o
                0x100049fc                __assert_func
 .text.runtime_init
                0x10004a48       0x48 CMakeFiles/pico_hdj100.dir/home/stodas/devel/src/pico/pico-sdk/src/rp2_common/pico_clib_interface/newlib_interface.c.o
                0x10004a48                runtime_init
 .text.to_us_since_boot
                0x10004a90       0x18 CMakeFiles/pico_hdj100.dir/home/stodas/devel/src/pico/pico-sdk/src/rp2_common/pico_stdio/stdio.c.o
 .text.update_us_since_boot
                0x10004aa8       0x1e CMakeFiles/pico_hdj100.dir/home/stodas/devel/src/pico/pico-sdk/src/rp2_common/pico_stdio/stdio.c.o
 .text.get_absolute_time
                0x10004ac6       0x24 CMakeFiles/pico_hdj100.dir/home/stodas/devel/src/pico/pico-sdk/src/rp2_common/pico_stdio/stdio.c.o
 *fill*         0x10004aea        0x2 
 .text.delayed_by_ms
                0x10004aec       0x7c CMakeFiles/pico_hdj100.dir/home/stodas/devel/src/pico/pico-sdk/src/rp2_common/pico_stdio/stdio.c.o
 .text.make_timeout_time_ms
                0x10004b68       0x22 CMakeFiles/pico_hdj100.dir/home/stodas/devel/src/pico/pico-sdk/src/rp2_common/pico_stdio/stdio.c.o
 *fill*         0x10004b8a        0x2 
 .text.stdout_serialize_begin
                0x10004b8c       0x28 CMakeFiles/pico_hdj100.dir/home/stodas/devel/src/pico/pico-sdk/src/rp2_common/pico_stdio/stdio.c.o
                0x10004b8c                stdout_serialize_begin
 .text.stdout_serialize_end
                0x10004bb4       0x18 CMakeFiles/pico_hdj100.dir/home/stodas/devel/src/pico/pico-sdk/src/rp2_common/pico_stdio/stdio.c.o
                0x10004bb4                stdout_serialize_end
 .text.stdio_out_chars_no_crlf
                0x10004bcc       0x20 CMakeFiles/pico_hdj100.dir/home/stodas/devel/src/pico/pico-sdk/src/rp2_common/pico_stdio/stdio.c.o
 .text.stdio_out_chars_crlf
                0x10004bec       0xf0 CMakeFiles/pico_hdj100.dir/home/stodas/devel/src/pico/pico-sdk/src/rp2_common/pico_stdio/stdio.c.o
 .text.stdio_put_string
                0x10004cdc       0xc8 CMakeFiles/pico_hdj100.dir/home/stodas/devel/src/pico/pico-sdk/src/rp2_common/pico_stdio/stdio.c.o
                0x10004cdc                stdio_put_string
 .text.stdio_flush
                0x10004da4       0x38 CMakeFiles/pico_hdj100.dir/home/stodas/devel/src/pico/pico-sdk/src/rp2_common/pico_stdio/stdio.c.o
                0x10004da4                stdio_flush
 .text.stdio_stack_buffer_flush
                0x10004ddc       0x6c CMakeFiles/pico_hdj100.dir/home/stodas/devel/src/pico/pico-sdk/src/rp2_common/pico_stdio/stdio.c.o
 .text.stdio_buffered_printer
                0x10004e48       0x3e CMakeFiles/pico_hdj100.dir/home/stodas/devel/src/pico/pico-sdk/src/rp2_common/pico_stdio/stdio.c.o
 .text.__wrap_puts
                0x10004e86       0x2e CMakeFiles/pico_hdj100.dir/home/stodas/devel/src/pico/pico-sdk/src/rp2_common/pico_stdio/stdio.c.o
                0x10004e86                __wrap_puts
                0x10004e86                stdio_puts
 .text.__wrap_vprintf
                0x10004eb4       0x5c CMakeFiles/pico_hdj100.dir/home/stodas/devel/src/pico/pico-sdk/src/rp2_common/pico_stdio/stdio.c.o
                0x10004eb4                __wrap_vprintf
                0x10004eb4                stdio_vprintf
 .text.__wrap_printf
                0x10004f10       0x2e CMakeFiles/pico_hdj100.dir/home/stodas/devel/src/pico/pico-sdk/src/rp2_common/pico_stdio/stdio.c.o
                0x10004f10                stdio_printf
                0x10004f10                __wrap_printf
 *fill*         0x10004f3e        0x2 
 .text._retrieve_unique_id_on_boot
                0x10004f40       0x18 CMakeFiles/pico_hdj100.dir/home/stodas/devel/src/pico/pico-sdk/src/rp2_common/pico_unique_id/unique_id.c.o
 .text.xip_cache_clean_all
                0x10004f58        0xa CMakeFiles/pico_hdj100.dir/home/stodas/devel/src/pico/pico-sdk/src/rp2_common/hardware_flash/flash.c.o
 .text.flash_get_unique_id
                0x10004f62       0x68 CMakeFiles/pico_hdj100.dir/home/stodas/devel/src/pico/pico-sdk/src/rp2_common/hardware_flash/flash.c.o
                0x10004f62                flash_get_unique_id
 *fill*         0x10004fca        0x2 
 .text.atexit   0x10004fcc       0x10 /usr/lib/gcc/arm-none-eabi/14.2.0/../../../../arm-none-eabi/lib/thumb/v6-m/nofp/libg.a(libc_a-atexit.o)
                0x10004fcc                atexit
 .text.__libc_fini_array
                0x10004fdc       0x28 /usr/lib/gcc/arm-none-eabi/14.2.0/../../../../arm-none-eabi/lib/thumb/v6-m/nofp/libg.a(libc_a-fini.o)
                0x10004fdc                __libc_fini_array
 .text.__retarget_lock_acquire_recursive
                0x10005004        0x4 /usr/lib/gcc/arm-none-eabi/14.2.0/../../../../arm-none-eabi/lib/thumb/v6-m/nofp/libg.a(libc_a-lock.o)
                0x10005004                __retarget_lock_acquire_recursive
 .text.__retarget_lock_release_recursive
                0x10005008        0x4 /usr/lib/gcc/arm-none-eabi/14.2.0/../../../../arm-none-eabi/lib/thumb/v6-m/nofp/libg.a(libc_a-lock.o)
                0x10005008                __retarget_lock_release_recursive
 .text.strlen   0x1000500c       0x5c /usr/lib/gcc/arm-none-eabi/14.2.0/../../../../arm-none-eabi/lib/thumb/v6-m/nofp/libg.a(libc_a-strlen-stub.o)
                0x1000500c                strlen
 .text.__register_exitproc
                0x10005068       0xa8 /usr/lib/gcc/arm-none-eabi/14.2.0/../../../../arm-none-eabi/lib/thumb/v6-m/nofp/libg.a(libc_a-__atexit.o)
                0x10005068                __register_exitproc
 .text.startup.register_fini
                0x10005110       0x18 /usr/lib/gcc/arm-none-eabi/14.2.0/../../../../arm-none-eabi/lib/thumb/v6-m/nofp/libg.a(libc_a-__call_atexit.o)
 *(.fini)
 .fini          0x10005128        0x4 /usr/lib/gcc/arm-none-eabi/14.2.0/thumb/v6-m/nofp/crti.o
                0x10005128                _fini
 *fill*         0x1000512c        0x4 
 .fini.__stub   0x10005130       0x50 linker stubs
 *crtbegin.o(.ctors)
 *crtbegin?.o(.ctors)
 *(EXCLUDE_FILE(*crtend.o *crtend?.o) .ctors)
 *(SORT_BY_NAME(.ctors.*))
 *(.ctors)
 *crtbegin.o(.dtors)
 *crtbegin?.o(.dtors)
 *(EXCLUDE_FILE(*crtend.o *crtend?.o) .dtors)
 *(SORT_BY_NAME(.dtors.*))
 *(.dtors)
                0x10005180                        . = ALIGN (0x4)
                0x10005180                        PROVIDE (__preinit_array_start = .)
 *(SORT_BY_NAME(.preinit_array.*))
 .preinit_array.00100
                0x10005180        0x4 CMakeFiles/pico_hdj100.dir/home/stodas/devel/src/pico/pico-sdk/src/rp2_common/pico_runtime_init/runtime_init.c.o
                0x10005180                __pre_init_runtime_init_early_resets
 .preinit_array.00101
                0x10005184        0x4 CMakeFiles/pico_hdj100.dir/home/stodas/devel/src/pico/pico-sdk/src/rp2_common/pico_runtime_init/runtime_init.c.o
                0x10005184                __pre_init_runtime_init_usb_power_down
 .preinit_array.00275
                0x10005188        0x4 CMakeFiles/pico_hdj100.dir/home/stodas/devel/src/pico/pico-sdk/src/rp2_common/pico_bit_ops/bit_ops_aeabi.S.o
 .preinit_array.00300
                0x1000518c        0x4 CMakeFiles/pico_hdj100.dir/home/stodas/devel/src/pico/pico-sdk/src/rp2_common/pico_mem_ops/mem_ops_aeabi.S.o
 .preinit_array.00350
                0x10005190        0x4 CMakeFiles/pico_hdj100.dir/home/stodas/devel/src/pico/pico-sdk/src/rp2_common/pico_double/double_aeabi_rp2040.S.o
 .preinit_array.00350
                0x10005194        0x4 CMakeFiles/pico_hdj100.dir/home/stodas/devel/src/pico/pico-sdk/src/rp2_common/pico_float/float_aeabi_rp2040.S.o
 .preinit_array.00500
                0x10005198        0x4 CMakeFiles/pico_hdj100.dir/home/stodas/devel/src/pico/pico-sdk/src/rp2_common/pico_runtime_init/runtime_init.c.o
                0x10005198                __pre_init_runtime_init_clocks
 .preinit_array.00600
                0x1000519c        0x4 CMakeFiles/pico_hdj100.dir/home/stodas/devel/src/pico/pico-sdk/src/rp2_common/pico_runtime_init/runtime_init.c.o
                0x1000519c                __pre_init_runtime_init_post_clock_resets
 .preinit_array.00700
                0x100051a0        0x4 CMakeFiles/pico_hdj100.dir/home/stodas/devel/src/pico/pico-sdk/src/rp2_common/pico_runtime_init/runtime_init.c.o
                0x100051a0                __pre_init_runtime_init_rp2040_gpio_ie_disable
 .preinit_array.01000
                0x100051a4        0x4 CMakeFiles/pico_hdj100.dir/home/stodas/devel/src/pico/pico-sdk/src/rp2_common/pico_runtime_init/runtime_init.c.o
                0x100051a4                __pre_init_runtime_init_spin_locks_reset
 .preinit_array.01100
                0x100051a8        0x4 CMakeFiles/pico_hdj100.dir/home/stodas/devel/src/pico/pico-sdk/src/common/pico_sync/mutex.c.o
                0x100051a8                __pre_init_runtime_init_mutex
 .preinit_array.10080
                0x100051ac        0x4 CMakeFiles/pico_hdj100.dir/home/stodas/devel/src/pico/pico-sdk/src/rp2_common/pico_runtime_init/runtime_init.c.o
                0x100051ac                __pre_init_runtime_init_install_ram_vector_table
 .preinit_array.11000
                0x100051b0        0x4 CMakeFiles/pico_hdj100.dir/home/stodas/devel/src/pico/pico-sdk/src/common/pico_time/time.c.o
                0x100051b0                __pre_init_runtime_init_default_alarm_pool
 .preinit_array.YYYYY
                0x100051b4        0x4 CMakeFiles/pico_hdj100.dir/home/stodas/devel/src/pico/pico-sdk/src/rp2_common/pico_runtime/runtime.c.o
                0x100051b4                __pre_init_first_per_core_initializer
 .preinit_array.ZZZZZ.01200
                0x100051b8        0x4 CMakeFiles/pico_hdj100.dir/home/stodas/devel/src/pico/pico-sdk/src/rp2_common/hardware_irq/irq.c.o
                0x100051b8                __pre_init_runtime_init_per_core_irq_priorities
 *(.preinit_array)
                0x100051bc                        PROVIDE (__preinit_array_end = .)
                0x100051bc                        . = ALIGN (0x4)
                0x100051bc                        PROVIDE (__init_array_start = .)
 *(SORT_BY_NAME(.init_array.*))
 .init_array.00000
                0x100051bc        0x4 /usr/lib/gcc/arm-none-eabi/14.2.0/../../../../arm-none-eabi/lib/thumb/v6-m/nofp/libg.a(libc_a-__call_atexit.o)
 *(.init_array)
 .init_array    0x100051c0        0x4 /usr/lib/gcc/arm-none-eabi/14.2.0/thumb/v6-m/nofp/crtbegin.o
 .init_array    0x100051c4        0x4 CMakeFiles/pico_hdj100.dir/home/stodas/devel/src/pico/pico-sdk/src/rp2_common/pico_unique_id/unique_id.c.o
                0x100051c8                        PROVIDE (__init_array_end = .)
                0x100051c8                        . = ALIGN (0x4)
                0x100051c8                        PROVIDE (__fini_array_start = .)
 *(SORT_BY_NAME(.fini_array.*))
 *(.fini_array)
                0x100051c8                        PROVIDE (__fini_array_end = .)
 *(.eh_frame*)
 .eh_frame      0x100051c8        0x0 /usr/lib/gcc/arm-none-eabi/14.2.0/thumb/v6-m/nofp/crtbegin.o
                0x100051c8                        . = ALIGN (0x4)

.glue_7         0x100051c8        0x0
 .glue_7        0x100051c8        0x0 linker stubs

.glue_7t        0x100051c8        0x0
 .glue_7t       0x100051c8        0x0 linker stubs

.vfp11_veneer   0x100051c8        0x0
 .vfp11_veneer  0x100051c8        0x0 linker stubs

.v4_bx          0x100051c8        0x0
 .v4_bx         0x100051c8        0x0 linker stubs

.iplt           0x100051c8        0x0
 .iplt          0x100051c8        0x0 /usr/lib/gcc/arm-none-eabi/14.2.0/thumb/v6-m/nofp/crtbegin.o

.rodata         0x100051c8      0xcc4
 *(EXCLUDE_FILE(*libm.a: *libc.a:*lib_a-mem*.o *libgcc.a:) .rodata*)
 .rodata        0x100051c8       0x22 CMakeFiles/pico_hdj100.dir/home/stodas/devel/src/pico/pico-sdk/src/rp2_common/pico_platform_panic/panic.c.o
 *fill*         0x100051ea        0x2 
 .rodata        0x100051ec      0x25b CMakeFiles/pico_hdj100.dir/home/stodas/devel/src/pico/pico-sdk/src/rp2_common/hardware_irq/irq.c.o
 *fill*         0x10005447        0x1 
 .rodata.__func__.6
                0x10005448       0x1a CMakeFiles/pico_hdj100.dir/home/stodas/devel/src/pico/pico-sdk/src/rp2_common/hardware_irq/irq.c.o
 *fill*         0x10005462        0x2 
 .rodata        0x10005464       0xb5 CMakeFiles/pico_hdj100.dir/home/stodas/devel/src/pico/pico-sdk/src/common/pico_sync/mutex.c.o
 *fill*         0x10005519        0x3 
 .rodata.__func__.6
                0x1000551c       0x13 CMakeFiles/pico_hdj100.dir/home/stodas/devel/src/pico/pico-sdk/src/common/pico_sync/mutex.c.o
 *fill*         0x1000552f        0x1 
 .rodata.__func__.3
                0x10005530       0x18 CMakeFiles/pico_hdj100.dir/home/stodas/devel/src/pico/pico-sdk/src/common/pico_sync/mutex.c.o
 .rodata.__func__.1
                0x10005548        0xb CMakeFiles/pico_hdj100.dir/home/stodas/devel/src/pico/pico-sdk/src/common/pico_sync/mutex.c.o
 *fill*         0x10005553        0x1 
 .rodata        0x10005554      0x129 CMakeFiles/pico_hdj100.dir/home/stodas/devel/src/pico/pico-sdk/src/common/pico_time/time.c.o
 *fill*         0x1000567d        0x3 
 .rodata.__func__.2
                0x10005680       0x17 CMakeFiles/pico_hdj100.dir/home/stodas/devel/src/pico/pico-sdk/src/common/pico_time/time.c.o
 *fill*         0x10005697        0x1 
 .rodata.__func__.1
                0x10005698       0x17 CMakeFiles/pico_hdj100.dir/home/stodas/devel/src/pico/pico-sdk/src/common/pico_time/time.c.o
 *fill*         0x100056af        0x1 
 .rodata        0x100056b0       0xa3 CMakeFiles/pico_hdj100.dir/home/stodas/devel/src/pico/pico-sdk/src/rp2_common/hardware_timer/timer.c.o
 *fill*         0x10005753        0x1 
 .rodata        0x10005754      0x11c CMakeFiles/pico_hdj100.dir/home/stodas/devel/src/pico/pico-sdk/src/rp2_common/hardware_pll/pll.c.o
 .rodata.__func__.0
                0x10005870        0x9 CMakeFiles/pico_hdj100.dir/home/stodas/devel/src/pico/pico-sdk/src/rp2_common/hardware_pll/pll.c.o
 *fill*         0x10005879        0x3 
 .rodata        0x1000587c       0x9d CMakeFiles/pico_hdj100.dir/home/stodas/devel/src/pico/pico-sdk/src/rp2_common/pico_double/double_init_rom_rp2040.c.o
 *fill*         0x10005919        0x3 
 .rodata.__func__.0
                0x1000591c       0x14 CMakeFiles/pico_hdj100.dir/home/stodas/devel/src/pico/pico-sdk/src/rp2_common/pico_double/double_init_rom_rp2040.c.o
 .rodata        0x10005930       0x8f CMakeFiles/pico_hdj100.dir/home/stodas/devel/src/pico/pico-sdk/src/rp2_common/pico_float/float_init_rom_rp2040.c.o
 *fill*         0x100059bf        0x1 
 .rodata.__func__.0
                0x100059c0       0x13 CMakeFiles/pico_hdj100.dir/home/stodas/devel/src/pico/pico-sdk/src/rp2_common/pico_float/float_init_rom_rp2040.c.o
 *fill*         0x100059d3        0x1 
 .rodata.__bi_26
                0x100059d4        0xc CMakeFiles/pico_hdj100.dir/home/stodas/devel/src/pico/pico-sdk/src/rp2_common/pico_standard_binary_info/standard_binary_info.c.o
 .rodata        0x100059e0       0x5a CMakeFiles/pico_hdj100.dir/home/stodas/devel/src/pico/pico-sdk/src/rp2_common/pico_standard_binary_info/standard_binary_info.c.o
 *fill*         0x10005a3a        0x2 
 .rodata.__bi_34
                0x10005a3c        0xc CMakeFiles/pico_hdj100.dir/home/stodas/devel/src/pico/pico-sdk/src/rp2_common/pico_standard_binary_info/standard_binary_info.c.o
 .rodata.__bi_42
                0x10005a48        0xc CMakeFiles/pico_hdj100.dir/home/stodas/devel/src/pico/pico-sdk/src/rp2_common/pico_standard_binary_info/standard_binary_info.c.o
 .rodata.__bi_48
                0x10005a54        0xc CMakeFiles/pico_hdj100.dir/home/stodas/devel/src/pico/pico-sdk/src/rp2_common/pico_standard_binary_info/standard_binary_info.c.o
 .rodata.__bi_54
                0x10005a60        0xc CMakeFiles/pico_hdj100.dir/home/stodas/devel/src/pico/pico-sdk/src/rp2_common/pico_standard_binary_info/standard_binary_info.c.o
 .rodata.__bi_78
                0x10005a6c        0xc CMakeFiles/pico_hdj100.dir/home/stodas/devel/src/pico/pico-sdk/src/rp2_common/pico_standard_binary_info/standard_binary_info.c.o
 .rodata.__bi_84
                0x10005a78        0xc CMakeFiles/pico_hdj100.dir/home/stodas/devel/src/pico/pico-sdk/src/rp2_common/pico_standard_binary_info/standard_binary_info.c.o
 .rodata.__bi_94
                0x10005a84        0xc CMakeFiles/pico_hdj100.dir/home/stodas/devel/src/pico/pico-sdk/src/rp2_common/pico_standard_binary_info/standard_binary_info.c.o
 .rodata        0x10005a90       0x18 CMakeFiles/pico_hdj100.dir/home/stodas/devel/src/pico/pico-sdk/src/rp2_common/pico_printf/printf.c.o
 .rodata._vsnprintf
                0x10005aa8      0x19c CMakeFiles/pico_hdj100.dir/home/stodas/devel/src/pico/pico-sdk/src/rp2_common/pico_printf/printf.c.o
 *fill*         0x10005c44        0x4 
 .rodata.pow10.0
                0x10005c48       0x50 CMakeFiles/pico_hdj100.dir/home/stodas/devel/src/pico/pico-sdk/src/rp2_common/pico_printf/printf.c.o
 .rodata        0x10005c98       0x43 CMakeFiles/pico_hdj100.dir/home/stodas/devel/src/pico/pico-sdk/src/rp2_common/pico_clib_interface/newlib_interface.c.o
 *fill*         0x10005cdb        0x1 
 .rodata.crlf_str.0
                0x10005cdc        0x2 CMakeFiles/pico_hdj100.dir/home/stodas/devel/src/pico/pico-sdk/src/rp2_common/pico_stdio/stdio.c.o
 *fill*         0x10005cde        0x2 
 .rodata        0x10005ce0      0x199 CMakeFiles/pico_hdj100.dir/home/stodas/devel/src/pico/pico-sdk/src/rp2_common/hardware_flash/flash.c.o
 *fill*         0x10005e79        0x3 
 .rodata.__func__.0
                0x10005e7c        0xd CMakeFiles/pico_hdj100.dir/home/stodas/devel/src/pico/pico-sdk/src/rp2_common/hardware_flash/flash.c.o
                0x10005e8c                        . = ALIGN (0x4)
 *fill*         0x10005e89        0x3 
 *(SORT_BY_ALIGNMENT(SORT_BY_NAME(.flashdata*)))
                0x10005e8c                        . = ALIGN (0x4)

.ARM.extab
 *(.ARM.extab* .gnu.linkonce.armextab.*)
                0x10005e8c                        __exidx_start = .

.ARM.exidx
 *(.ARM.exidx* .gnu.linkonce.armexidx.*)
                0x10005e8c                        __exidx_end = .
                0x10005e8c                        . = ALIGN (0x4)
                0x10005e8c                        __binary_info_start = .

.binary_info    0x10005e8c       0x20
 *(.binary_info.keep.*)
 .binary_info.keep.__bi_ptr26
                0x10005e8c        0x4 CMakeFiles/pico_hdj100.dir/home/stodas/devel/src/pico/pico-sdk/src/rp2_common/pico_standard_binary_info/standard_binary_info.c.o
 .binary_info.keep.__bi_ptr34
                0x10005e90        0x4 CMakeFiles/pico_hdj100.dir/home/stodas/devel/src/pico/pico-sdk/src/rp2_common/pico_standard_binary_info/standard_binary_info.c.o
 .binary_info.keep.__bi_ptr42
                0x10005e94        0x4 CMakeFiles/pico_hdj100.dir/home/stodas/devel/src/pico/pico-sdk/src/rp2_common/pico_standard_binary_info/standard_binary_info.c.o
 .binary_info.keep.__bi_ptr48
                0x10005e98        0x4 CMakeFiles/pico_hdj100.dir/home/stodas/devel/src/pico/pico-sdk/src/rp2_common/pico_standard_binary_info/standard_binary_info.c.o
 .binary_info.keep.__bi_ptr54
                0x10005e9c        0x4 CMakeFiles/pico_hdj100.dir/home/stodas/devel/src/pico/pico-sdk/src/rp2_common/pico_standard_binary_info/standard_binary_info.c.o
 .binary_info.keep.__bi_ptr78
                0x10005ea0        0x4 CMakeFiles/pico_hdj100.dir/home/stodas/devel/src/pico/pico-sdk/src/rp2_common/pico_standard_binary_info/standard_binary_info.c.o
 .binary_info.keep.__bi_ptr84
                0x10005ea4        0x4 CMakeFiles/pico_hdj100.dir/home/stodas/devel/src/pico/pico-sdk/src/rp2_common/pico_standard_binary_info/standard_binary_info.c.o
 .binary_info.keep.__bi_ptr94
                0x10005ea8        0x4 CMakeFiles/pico_hdj100.dir/home/stodas/devel/src/pico/pico-sdk/src/rp2_common/pico_standard_binary_info/standard_binary_info.c.o
 *(.binary_info.*)
                0x10005eac                        __binary_info_end = .

.rel.dyn        0x10005eac        0x0
 .rel.iplt      0x10005eac        0x0 /usr/lib/gcc/arm-none-eabi/14.2.0/thumb/v6-m/nofp/crtbegin.o
                0x10005eac                        . = ALIGN (0x4)

.ram_vector_table
                0x20000000       0xc0
 *(.ram_vector_table)
 .ram_vector_table
                0x20000000       0xc0 CMakeFiles/pico_hdj100.dir/home/stodas/devel/src/pico/pico-sdk/src/rp2_common/pico_runtime_init/runtime_init.c.o
                0x20000000                ram_vector_table

.uninitialized_data
                0x200000c0        0x0
                0x200000c0                        . = ALIGN (0x4)
 *(.uninitialized_data*)

.data           0x200000c0      0x58c load address 0x10005eac
                0x200000c0                        __data_start__ = .
 *(vtable)
 *(.time_critical*)
 .time_critical.mutex_try_enter
                0x200000c0       0xb4 CMakeFiles/pico_hdj100.dir/home/stodas/devel/src/pico/pico-sdk/src/common/pico_sync/mutex.c.o
                0x200000c0                mutex_try_enter
 .time_critical.mutex_try_enter_block_until
                0x20000174       0x56 CMakeFiles/pico_hdj100.dir/home/stodas/devel/src/pico/pico-sdk/src/common/pico_sync/mutex.c.o
                0x20000174                mutex_try_enter_block_until
 *fill*         0x200001ca        0x2 
 .time_critical.mutex_enter_block_until
                0x200001cc       0xf8 CMakeFiles/pico_hdj100.dir/home/stodas/devel/src/pico/pico-sdk/src/common/pico_sync/mutex.c.o
                0x200001cc                mutex_enter_block_until
 .time_critical.mutex_exit
                0x200002c4       0xa0 CMakeFiles/pico_hdj100.dir/home/stodas/devel/src/pico/pico-sdk/src/common/pico_sync/mutex.c.o
                0x200002c4                mutex_exit
 .time_critical.flash_init_boot2_copyout
                0x20000364       0x54 CMakeFiles/pico_hdj100.dir/home/stodas/devel/src/pico/pico-sdk/src/rp2_common/hardware_flash/flash.c.o
 .time_critical.flash_enable_xip_via_boot2
                0x200003b8       0x14 CMakeFiles/pico_hdj100.dir/home/stodas/devel/src/pico/pico-sdk/src/rp2_common/hardware_flash/flash.c.o
 .time_critical.flash_cs_force
                0x200003cc       0x5c CMakeFiles/pico_hdj100.dir/home/stodas/devel/src/pico/pico-sdk/src/rp2_common/hardware_flash/flash.c.o
 .time_critical.flash_do_cmd
                0x20000428      0x19c CMakeFiles/pico_hdj100.dir/home/stodas/devel/src/pico/pico-sdk/src/rp2_common/hardware_flash/flash.c.o
                0x20000428                flash_do_cmd
 *(.text*)
 .text          0x200005c4        0x4 /usr/lib/gcc/arm-none-eabi/14.2.0/thumb/v6-m/nofp/libgcc.a(_dvmd_tls.o)
                0x200005c4                __aeabi_ldiv0
                0x200005c4                __aeabi_idiv0
 .text.__stub   0x200005c8       0x30 linker stubs
                0x200005f8                        . = ALIGN (0x4)
 *(.rodata*)
                0x200005f8                        . = ALIGN (0x4)
 *(.data*)
 .data.striped_spin_lock_num
                0x200005f8        0x1 CMakeFiles/pico_hdj100.dir/home/stodas/devel/src/pico/pico-sdk/src/rp2_common/hardware_sync/sync.c.o
 *fill*         0x200005f9        0x3 
 .data.default_alarm_pool
                0x200005fc       0x18 CMakeFiles/pico_hdj100.dir/home/stodas/devel/src/pico/pico-sdk/src/common/pico_time/time.c.o
 *fill*         0x20000614        0xc 
 .data.aeabi_bits_funcs
                0x20000620       0x10 CMakeFiles/pico_hdj100.dir/home/stodas/devel/src/pico/pico-sdk/src/rp2_common/pico_bit_ops/bit_ops_aeabi.S.o
                0x20000620                aeabi_bits_funcs
                0x20000630                aeabi_bits_funcs_end
 .data.aeabi_mem_funcs
                0x20000630       0x10 CMakeFiles/pico_hdj100.dir/home/stodas/devel/src/pico/pico-sdk/src/rp2_common/pico_mem_ops/mem_ops_aeabi.S.o
                0x20000630                aeabi_mem_funcs
                0x20000640                aeabi_mem_funcs_end
 .data.__atexit_recursive_mutex
                0x20000640        0x4 /usr/lib/gcc/arm-none-eabi/14.2.0/../../../../arm-none-eabi/lib/thumb/v6-m/nofp/libg.a(libc_a-__call_atexit.o)
                0x20000640                __atexit_recursive_mutex
                0x20000644                        . = ALIGN (0x4)
 *(.after_data.*)
                0x20000644                        . = ALIGN (0x4)
                0x20000644                        PROVIDE (__mutex_array_start = .)
 *(SORT_BY_NAME(.mutex_array.*))
 *(.mutex_array)
 .mutex_array   0x20000644        0x8 CMakeFiles/pico_hdj100.dir/home/stodas/devel/src/pico/pico-sdk/src/rp2_common/pico_stdio/stdio.c.o
                0x2000064c                        PROVIDE (__mutex_array_end = .)
                0x2000064c                        . = ALIGN (0x4)
 *(.jcr)
                0x2000064c                        . = ALIGN (0x4)

.igot.plt       0x2000064c        0x0 load address 0x10006438
 .igot.plt      0x2000064c        0x0 /usr/lib/gcc/arm-none-eabi/14.2.0/thumb/v6-m/nofp/crtbegin.o

.tdata          0x2000064c        0x0 load address 0x10006438
                0x2000064c                        . = ALIGN (0x4)
 *(.tdata .tdata.* .gnu.linkonce.td.*)
                0x2000064c                        __tdata_end = .
                0x2000064c                        PROVIDE (__data_end__ = .)
                0x10005eac                        __etext = LOADADDR (.data)

.tbss           0x2000064c        0x0 load address 0x10006438
                0x2000064c                        . = ALIGN (0x4)
                0x2000064c                        __bss_start__ = .
                0x2000064c                        __tls_base = .
 *(.tbss .tbss.* .gnu.linkonce.tb.*)
 *(.tcommon)
                0x2000064c                        __tls_end = .

.bss            0x20000650      0x688 load address 0x10006438
                0x20000650                        . = ALIGN (0x4)
                0x20000650                        __tbss_end = .
 *(SORT_BY_ALIGNMENT(SORT_BY_NAME(.bss*)))
 .bss.default_alarm_pool_entries
                0x20000650      0x180 CMakeFiles/pico_hdj100.dir/home/stodas/devel/src/pico/pico-sdk/src/common/pico_time/time.c.o
 .bss.__atexit  0x200007d0        0x4 /usr/lib/gcc/arm-none-eabi/14.2.0/../../../../arm-none-eabi/lib/thumb/v6-m/nofp/libg.a(libc_a-__call_atexit.o)
                0x200007d0                __atexit
 .bss.__atexit0
                0x200007d4      0x190 /usr/lib/gcc/arm-none-eabi/14.2.0/../../../../arm-none-eabi/lib/thumb/v6-m/nofp/libg.a(libc_a-__atexit.o)
                0x200007d4                __atexit0
 .bss.__lock___atexit_recursive_mutex
                0x20000964        0x1 /usr/lib/gcc/arm-none-eabi/14.2.0/../../../../arm-none-eabi/lib/thumb/v6-m/nofp/libg.a(libc_a-lock.o)
                0x20000964                __lock___atexit_recursive_mutex
 *fill*         0x20000965        0x3 
 .bss.boot2_copyout
                0x20000968      0x100 CMakeFiles/pico_hdj100.dir/home/stodas/devel/src/pico/pico-sdk/src/rp2_common/hardware_flash/flash.c.o
 .bss.claimed   0x20000a68        0x1 CMakeFiles/pico_hdj100.dir/home/stodas/devel/src/pico/pico-sdk/src/rp2_common/hardware_timer/timer.c.o
 *fill*         0x20000a69        0x3 
 .bss.configured_freq
                0x20000a6c       0x28 CMakeFiles/pico_hdj100.dir/home/stodas/devel/src/pico/pico-sdk/src/rp2_common/hardware_clocks/clocks.c.o
 .bss.drivers   0x20000a94        0x4 CMakeFiles/pico_hdj100.dir/home/stodas/devel/src/pico/pico-sdk/src/rp2_common/pico_stdio/stdio.c.o
 .bss.filter    0x20000a98        0x4 CMakeFiles/pico_hdj100.dir/home/stodas/devel/src/pico/pico-sdk/src/rp2_common/pico_stdio/stdio.c.o
 .bss.object.0  0x20000a9c       0x18 /usr/lib/gcc/arm-none-eabi/14.2.0/thumb/v6-m/nofp/crtbegin.o
 .bss.pools     0x20000ab4       0x10 CMakeFiles/pico_hdj100.dir/home/stodas/devel/src/pico/pico-sdk/src/common/pico_time/time.c.o
 .bss.retrieved_id
                0x20000ac4        0x8 CMakeFiles/pico_hdj100.dir/home/stodas/devel/src/pico/pico-sdk/src/rp2_common/pico_unique_id/unique_id.c.o
 .bss.sd_table  0x20000acc      0x100 CMakeFiles/pico_hdj100.dir/home/stodas/devel/src/pico/pico-sdk/src/rp2_common/pico_double/double_init_rom_rp2040.c.o
                0x20000acc                sd_table
 .bss.sf_clz_func
                0x20000bcc        0x4 CMakeFiles/pico_hdj100.dir/home/stodas/devel/src/pico/pico-sdk/src/rp2_common/pico_double/double_init_rom_rp2040.c.o
                0x20000bcc                sf_clz_func
 .bss.sf_table  0x20000bd0      0x100 CMakeFiles/pico_hdj100.dir/home/stodas/devel/src/pico/pico-sdk/src/rp2_common/pico_float/float_init_rom_rp2040.c.o
                0x20000bd0                sf_table
 .bss.sleep_notifier
                0x20000cd0        0x4 CMakeFiles/pico_hdj100.dir/home/stodas/devel/src/pico/pico-sdk/src/common/pico_time/time.c.o
 .bss.boot2_copyout_valid
                0x20000cd4        0x1 CMakeFiles/pico_hdj100.dir/home/stodas/devel/src/pico/pico-sdk/src/rp2_common/hardware_flash/flash.c.o
 *(COMMON)
                0x20000cd8                        . = ALIGN (0x4)
 *fill*         0x20000cd5        0x3 
                0x20000cd8                        __bss_end__ = .

.heap           0x20000cd8      0x800 load address 0x10006438
                0x20000cd8                        __end__ = .
                0x20000cd8                        end = __end__
 *(.heap*)
 .heap          0x20000cd8      0x800 CMakeFiles/pico_hdj100.dir/home/stodas/devel/src/pico/pico-sdk/src/rp2_common/pico_crt0/crt0.S.o
                0x20040000                        __HeapLimit = (ORIGIN (RAM) + LENGTH (RAM))

.scratch_x      0x20040000        0x0 load address 0x10006438
                0x20040000                        __scratch_x_start__ = .
 *(.scratch_x.*)
                0x20040000                        . = ALIGN (0x4)
                0x20040000                        __scratch_x_end__ = .
                0x10006438                        __scratch_x_source__ = LOADADDR (.scratch_x)

.scratch_y      0x20041000        0x0 load address 0x10006438
                0x20041000                        __scratch_y_start__ = .
 *(.scratch_y.*)
                0x20041000                        . = ALIGN (0x4)
                0x20041000                        __scratch_y_end__ = .
                0x10006438                        __scratch_y_source__ = LOADADDR (.scratch_y)

.stack1_dummy
 *(.stack1*)

.stack_dummy    0x20041000      0x800
 *(.stack*)
 .stack         0x20041000      0x800 CMakeFiles/pico_hdj100.dir/home/stodas/devel/src/pico/pico-sdk/src/rp2_common/pico_crt0/crt0.S.o

.flash_end      0x10006438        0x0
 *(.embedded_end_block*)
                0x10006438                        PROVIDE (__flash_binary_end = .)
                0x20040000                        __StackLimit = (ORIGIN (RAM) + LENGTH (RAM))
                0x20041000                        __StackOneTop = (ORIGIN (SCRATCH_X) + LENGTH (SCRATCH_X))
                0x20042000                        __StackTop = (ORIGIN (SCRATCH_Y) + LENGTH (SCRATCH_Y))
                0x20041000                        __StackOneBottom = (__StackOneTop - SIZEOF (.stack1_dummy))
                0x20041800                        __StackBottom = (__StackTop - SIZEOF (.stack_dummy))
                0x20042000                        PROVIDE (__stack = __StackTop)
                [!provide]                        PROVIDE (__heap_start = __end__)
                [!provide]                        PROVIDE (__heap_end = __HeapLimit)
                [!provide]                        PROVIDE (__tls_align = MAX (ALIGNOF (.tdata), ALIGNOF (.tbss)))
                [!provide]                        PROVIDE (__tls_size_align = (((__tls_size + __tls_align) - 0x1) & ~ ((__tls_align - 0x1))))
                [!provide]                        PROVIDE (__arm32_tls_tcb_offset = MAX (0x8, __tls_align))
                [!provide]                        PROVIDE (_end = __end__)
                [!provide]                        PROVIDE (__llvm_libc_heap_limit = __HeapLimit)
                0x00000001                        ASSERT ((__StackLimit >= __HeapLimit), region RAM overflowed)
                0x00000001                        ASSERT (((__binary_info_header_end - __logical_binary_start) <= 0x100), Binary info must be in first 256 bytes of the binary)
LOAD CMakeFiles/pico_hdj100.dir/PicoSwitch.cpp.o
LOAD CMakeFiles/pico_hdj100.dir/home/stodas/devel/src/pico/pico-sdk/src/rp2_common/pico_stdlib/stdlib.c.o
LOAD CMakeFiles/pico_hdj100.dir/home/stodas/devel/src/pico/pico-sdk/src/rp2_common/hardware_gpio/gpio.c.o
LOAD CMakeFiles/pico_hdj100.dir/home/stodas/devel/src/pico/pico-sdk/src/rp2040/pico_platform/platform.c.o
LOAD CMakeFiles/pico_hdj100.dir/home/stodas/devel/src/pico/pico-sdk/src/rp2_common/pico_platform_panic/panic.c.o
LOAD CMakeFiles/pico_hdj100.dir/home/stodas/devel/src/pico/pico-sdk/src/common/hardware_claim/claim.c.o
LOAD CMakeFiles/pico_hdj100.dir/home/stodas/devel/src/pico/pico-sdk/src/rp2_common/hardware_sync/sync.c.o
LOAD CMakeFiles/pico_hdj100.dir/home/stodas/devel/src/pico/pico-sdk/src/rp2_common/hardware_sync_spin_lock/sync_spin_lock.c.o
LOAD CMakeFiles/pico_hdj100.dir/home/stodas/devel/src/pico/pico-sdk/src/rp2_common/hardware_irq/irq.c.o
LOAD CMakeFiles/pico_hdj100.dir/home/stodas/devel/src/pico/pico-sdk/src/rp2_common/hardware_irq/irq_handler_chain.S.o
LOAD CMakeFiles/pico_hdj100.dir/home/stodas/devel/src/pico/pico-sdk/src/common/pico_sync/sem.c.o
LOAD CMakeFiles/pico_hdj100.dir/home/stodas/devel/src/pico/pico-sdk/src/common/pico_sync/lock_core.c.o
LOAD CMakeFiles/pico_hdj100.dir/home/stodas/devel/src/pico/pico-sdk/src/common/pico_sync/mutex.c.o
LOAD CMakeFiles/pico_hdj100.dir/home/stodas/devel/src/pico/pico-sdk/src/common/pico_sync/critical_section.c.o
LOAD CMakeFiles/pico_hdj100.dir/home/stodas/devel/src/pico/pico-sdk/src/common/pico_time/time.c.o
LOAD CMakeFiles/pico_hdj100.dir/home/stodas/devel/src/pico/pico-sdk/src/common/pico_time/timeout_helper.c.o
LOAD CMakeFiles/pico_hdj100.dir/home/stodas/devel/src/pico/pico-sdk/src/rp2_common/hardware_timer/timer.c.o
LOAD CMakeFiles/pico_hdj100.dir/home/stodas/devel/src/pico/pico-sdk/src/common/pico_util/datetime.c.o
LOAD CMakeFiles/pico_hdj100.dir/home/stodas/devel/src/pico/pico-sdk/src/common/pico_util/pheap.c.o
LOAD CMakeFiles/pico_hdj100.dir/home/stodas/devel/src/pico/pico-sdk/src/common/pico_util/queue.c.o
LOAD CMakeFiles/pico_hdj100.dir/home/stodas/devel/src/pico/pico-sdk/src/rp2_common/hardware_uart/uart.c.o
LOAD CMakeFiles/pico_hdj100.dir/home/stodas/devel/src/pico/pico-sdk/src/rp2_common/hardware_clocks/clocks.c.o
LOAD CMakeFiles/pico_hdj100.dir/home/stodas/devel/src/pico/pico-sdk/src/rp2_common/hardware_pll/pll.c.o
LOAD CMakeFiles/pico_hdj100.dir/home/stodas/devel/src/pico/pico-sdk/src/rp2_common/hardware_vreg/vreg.c.o
LOAD CMakeFiles/pico_hdj100.dir/home/stodas/devel/src/pico/pico-sdk/src/rp2_common/hardware_watchdog/watchdog.c.o
LOAD CMakeFiles/pico_hdj100.dir/home/stodas/devel/src/pico/pico-sdk/src/rp2_common/hardware_ticks/ticks.c.o
LOAD CMakeFiles/pico_hdj100.dir/home/stodas/devel/src/pico/pico-sdk/src/rp2_common/pico_bootrom/bootrom.c.o
LOAD CMakeFiles/pico_hdj100.dir/home/stodas/devel/src/pico/pico-sdk/src/rp2_common/pico_bootrom/bootrom_lock.c.o
LOAD CMakeFiles/pico_hdj100.dir/home/stodas/devel/src/pico/pico-sdk/src/rp2_common/hardware_boot_lock/boot_lock.c.o
LOAD CMakeFiles/pico_hdj100.dir/home/stodas/devel/src/pico/pico-sdk/src/rp2_common/pico_flash/flash.c.o
LOAD CMakeFiles/pico_hdj100.dir/home/stodas/devel/src/pico/pico-sdk/src/rp2_common/hardware_xosc/xosc.c.o
LOAD CMakeFiles/pico_hdj100.dir/home/stodas/devel/src/pico/pico-sdk/src/rp2_common/hardware_divider/divider.S.o
LOAD CMakeFiles/pico_hdj100.dir/home/stodas/devel/src/pico/pico-sdk/src/rp2_common/pico_runtime/runtime.c.o
LOAD CMakeFiles/pico_hdj100.dir/home/stodas/devel/src/pico/pico-sdk/src/rp2_common/pico_runtime_init/runtime_init.c.o
LOAD CMakeFiles/pico_hdj100.dir/home/stodas/devel/src/pico/pico-sdk/src/rp2_common/pico_runtime_init/runtime_init_clocks.c.o
LOAD CMakeFiles/pico_hdj100.dir/home/stodas/devel/src/pico/pico-sdk/src/rp2_common/pico_runtime_init/runtime_init_stack_guard.c.o
LOAD CMakeFiles/pico_hdj100.dir/home/stodas/devel/src/pico/pico-sdk/src/rp2_common/pico_bit_ops/bit_ops_aeabi.S.o
LOAD CMakeFiles/pico_hdj100.dir/home/stodas/devel/src/pico/pico-sdk/src/rp2_common/pico_divider/divider_hardware.S.o
LOAD CMakeFiles/pico_hdj100.dir/home/stodas/devel/src/pico/pico-sdk/src/rp2_common/pico_double/double_aeabi_rp2040.S.o
LOAD CMakeFiles/pico_hdj100.dir/home/stodas/devel/src/pico/pico-sdk/src/rp2_common/pico_double/double_init_rom_rp2040.c.o
LOAD CMakeFiles/pico_hdj100.dir/home/stodas/devel/src/pico/pico-sdk/src/rp2_common/pico_double/double_math.c.o
LOAD CMakeFiles/pico_hdj100.dir/home/stodas/devel/src/pico/pico-sdk/src/rp2_common/pico_double/double_v1_rom_shim_rp2040.S.o
LOAD CMakeFiles/pico_hdj100.dir/home/stodas/devel/src/pico/pico-sdk/src/rp2_common/pico_int64_ops/pico_int64_ops_aeabi.S.o
LOAD CMakeFiles/pico_hdj100.dir/home/stodas/devel/src/pico/pico-sdk/src/rp2_common/pico_float/float_aeabi_rp2040.S.o
LOAD CMakeFiles/pico_hdj100.dir/home/stodas/devel/src/pico/pico-sdk/src/rp2_common/pico_float/float_init_rom_rp2040.c.o
LOAD CMakeFiles/pico_hdj100.dir/home/stodas/devel/src/pico/pico-sdk/src/rp2_common/pico_float/float_math.c.o
LOAD CMakeFiles/pico_hdj100.dir/home/stodas/devel/src/pico/pico-sdk/src/rp2_common/pico_float/float_v1_rom_shim_rp2040.S.o
LOAD CMakeFiles/pico_hdj100.dir/home/stodas/devel/src/pico/pico-sdk/src/rp2_common/pico_malloc/malloc.c.o
LOAD CMakeFiles/pico_hdj100.dir/home/stodas/devel/src/pico/pico-sdk/src/rp2_common/pico_mem_ops/mem_ops_aeabi.S.o
LOAD CMakeFiles/pico_hdj100.dir/home/stodas/devel/src/pico/pico-sdk/src/rp2_common/pico_atomic/atomic.c.o
LOAD CMakeFiles/pico_hdj100.dir/home/stodas/devel/src/pico/pico-sdk/src/rp2_common/pico_cxx_options/new_delete.cpp.o
LOAD CMakeFiles/pico_hdj100.dir/home/stodas/devel/src/pico/pico-sdk/src/rp2_common/pico_standard_binary_info/standard_binary_info.c.o
LOAD CMakeFiles/pico_hdj100.dir/home/stodas/devel/src/pico/pico-sdk/src/rp2_common/pico_printf/printf.c.o
LOAD CMakeFiles/pico_hdj100.dir/home/stodas/devel/src/pico/pico-sdk/src/rp2_common/pico_crt0/crt0.S.o
LOAD CMakeFiles/pico_hdj100.dir/home/stodas/devel/src/pico/pico-sdk/src/rp2_common/pico_clib_interface/newlib_interface.c.o
LOAD CMakeFiles/pico_hdj100.dir/home/stodas/devel/src/pico/pico-sdk/src/rp2_common/pico_stdio/stdio.c.o
LOAD CMakeFiles/pico_hdj100.dir/home/stodas/devel/src/pico/pico-sdk/src/rp2_common/pico_stdio_uart/stdio_uart.c.o
LOAD CMakeFiles/pico_hdj100.dir/home/stodas/devel/src/pico/pico-sdk/src/rp2_common/pico_stdio_usb/reset_interface.c.o
LOAD CMakeFiles/pico_hdj100.dir/home/stodas/devel/src/pico/pico-sdk/src/rp2_common/pico_stdio_usb/stdio_usb.c.o
LOAD CMakeFiles/pico_hdj100.dir/home/stodas/devel/src/pico/pico-sdk/src/rp2_common/pico_stdio_usb/stdio_usb_descriptors.c.o
LOAD CMakeFiles/pico_hdj100.dir/home/stodas/devel/src/pico/pico-sdk/src/rp2_common/pico_unique_id/unique_id.c.o
LOAD CMakeFiles/pico_hdj100.dir/home/stodas/devel/src/pico/pico-sdk/src/rp2_common/hardware_flash/flash.c.o
LOAD CMakeFiles/pico_hdj100.dir/home/stodas/devel/src/pico/pico-sdk/src/rp2_common/hardware_xip_cache/xip_cache.c.o
LOAD CMakeFiles/pico_hdj100.dir/home/stodas/devel/src/pico/pico-sdk/lib/tinyusb/src/portable/raspberrypi/rp2040/dcd_rp2040.c.o
LOAD CMakeFiles/pico_hdj100.dir/home/stodas/devel/src/pico/pico-sdk/lib/tinyusb/src/portable/raspberrypi/rp2040/rp2040_usb.c.o
LOAD CMakeFiles/pico_hdj100.dir/home/stodas/devel/src/pico/pico-sdk/lib/tinyusb/src/device/usbd.c.o
LOAD CMakeFiles/pico_hdj100.dir/home/stodas/devel/src/pico/pico-sdk/lib/tinyusb/src/device/usbd_control.c.o
LOAD CMakeFiles/pico_hdj100.dir/home/stodas/devel/src/pico/pico-sdk/lib/tinyusb/src/class/audio/audio_device.c.o
LOAD CMakeFiles/pico_hdj100.dir/home/stodas/devel/src/pico/pico-sdk/lib/tinyusb/src/class/cdc/cdc_device.c.o
LOAD CMakeFiles/pico_hdj100.dir/home/stodas/devel/src/pico/pico-sdk/lib/tinyusb/src/class/dfu/dfu_device.c.o
LOAD CMakeFiles/pico_hdj100.dir/home/stodas/devel/src/pico/pico-sdk/lib/tinyusb/src/class/dfu/dfu_rt_device.c.o
LOAD CMakeFiles/pico_hdj100.dir/home/stodas/devel/src/pico/pico-sdk/lib/tinyusb/src/class/hid/hid_device.c.o
LOAD CMakeFiles/pico_hdj100.dir/home/stodas/devel/src/pico/pico-sdk/lib/tinyusb/src/class/midi/midi_device.c.o
LOAD CMakeFiles/pico_hdj100.dir/home/stodas/devel/src/pico/pico-sdk/lib/tinyusb/src/class/msc/msc_device.c.o
LOAD CMakeFiles/pico_hdj100.dir/home/stodas/devel/src/pico/pico-sdk/lib/tinyusb/src/class/net/ecm_rndis_device.c.o
LOAD CMakeFiles/pico_hdj100.dir/home/stodas/devel/src/pico/pico-sdk/lib/tinyusb/src/class/net/ncm_device.c.o
LOAD CMakeFiles/pico_hdj100.dir/home/stodas/devel/src/pico/pico-sdk/lib/tinyusb/src/class/usbtmc/usbtmc_device.c.o
LOAD CMakeFiles/pico_hdj100.dir/home/stodas/devel/src/pico/pico-sdk/lib/tinyusb/src/class/vendor/vendor_device.c.o
LOAD CMakeFiles/pico_hdj100.dir/home/stodas/devel/src/pico/pico-sdk/lib/tinyusb/src/class/video/video_device.c.o
LOAD CMakeFiles/pico_hdj100.dir/home/stodas/devel/src/pico/pico-sdk/lib/tinyusb/src/tusb.c.o
LOAD CMakeFiles/pico_hdj100.dir/home/stodas/devel/src/pico/pico-sdk/lib/tinyusb/src/common/tusb_fifo.c.o
LOAD CMakeFiles/pico_hdj100.dir/home/stodas/devel/src/pico/pico-sdk/src/rp2_common/pico_fix/rp2040_usb_device_enumeration/rp2040_usb_device_enumeration.c.o
LOAD pico-sdk/src/rp2040/boot_stage2/CMakeFiles/bs2_default_library.dir/bs2_default_padded_checksummed.S.o
LOAD /usr/lib/gcc/arm-none-eabi/14.2.0/../../../../arm-none-eabi/lib/thumb/v6-m/nofp/libstdc++.a
LOAD /usr/lib/gcc/arm-none-eabi/14.2.0/../../../../arm-none-eabi/lib/thumb/v6-m/nofp/libm.a
START GROUP
LOAD /usr/lib/gcc/arm-none-eabi/14.2.0/thumb/v6-m/nofp/libgcc.a
LOAD /usr/lib/gcc/arm-none-eabi/14.2.0/../../../../arm-none-eabi/lib/thumb/v6-m/nofp/libg.a
LOAD /usr/lib/gcc/arm-none-eabi/14.2.0/../../../../arm-none-eabi/lib/thumb/v6-m/nofp/libc.a
END GROUP
START GROUP
LOAD /usr/lib/gcc/arm-none-eabi/14.2.0/thumb/v6-m/nofp/libgcc.a
LOAD /usr/lib/gcc/arm-none-eabi/14.2.0/../../../../arm-none-eabi/lib/thumb/v6-m/nofp/libc.a
LOAD /usr/lib/gcc/arm-none-eabi/14.2.0/../../../../arm-none-eabi/lib/thumb/v6-m/nofp/libnosys.a
END GROUP
LOAD /usr/lib/gcc/arm-none-eabi/14.2.0/thumb/v6-m/nofp/crtend.o
LOAD /usr/lib/gcc/arm-none-eabi/14.2.0/thumb/v6-m/nofp/crtn.o
OUTPUT(pico_hdj100.elf elf32-littlearm)
LOAD linker stubs

.ARM.attributes
                0x00000000       0x28
 .ARM.attributes
                0x00000000       0x1e /usr/lib/gcc/arm-none-eabi/14.2.0/thumb/v6-m/nofp/crti.o
 .ARM.attributes
                0x0000001e       0x2c /usr/lib/gcc/arm-none-eabi/14.2.0/thumb/v6-m/nofp/crtbegin.o
 .ARM.attributes
                0x0000004a       0x2c CMakeFiles/pico_hdj100.dir/home/stodas/devel/src/pico/pico-sdk/src/rp2_common/pico_platform_panic/panic.c.o
 .ARM.attributes
                0x00000076       0x2c CMakeFiles/pico_hdj100.dir/home/stodas/devel/src/pico/pico-sdk/src/common/hardware_claim/claim.c.o
 .ARM.attributes
                0x000000a2       0x2c CMakeFiles/pico_hdj100.dir/home/stodas/devel/src/pico/pico-sdk/src/rp2_common/hardware_sync/sync.c.o
 .ARM.attributes
                0x000000ce       0x2c CMakeFiles/pico_hdj100.dir/home/stodas/devel/src/pico/pico-sdk/src/rp2_common/hardware_sync_spin_lock/sync_spin_lock.c.o
 .ARM.attributes
                0x000000fa       0x2c CMakeFiles/pico_hdj100.dir/home/stodas/devel/src/pico/pico-sdk/src/rp2_common/hardware_irq/irq.c.o
 .ARM.attributes
                0x00000126       0x2c CMakeFiles/pico_hdj100.dir/home/stodas/devel/src/pico/pico-sdk/src/common/pico_sync/lock_core.c.o
 .ARM.attributes
                0x00000152       0x2c CMakeFiles/pico_hdj100.dir/home/stodas/devel/src/pico/pico-sdk/src/common/pico_sync/mutex.c.o
 .ARM.attributes
                0x0000017e       0x2c CMakeFiles/pico_hdj100.dir/home/stodas/devel/src/pico/pico-sdk/src/common/pico_time/time.c.o
 .ARM.attributes
                0x000001aa       0x2c CMakeFiles/pico_hdj100.dir/home/stodas/devel/src/pico/pico-sdk/src/rp2_common/hardware_timer/timer.c.o
 .ARM.attributes
                0x000001d6       0x2c CMakeFiles/pico_hdj100.dir/home/stodas/devel/src/pico/pico-sdk/src/rp2_common/hardware_clocks/clocks.c.o
 .ARM.attributes
                0x00000202       0x2c CMakeFiles/pico_hdj100.dir/home/stodas/devel/src/pico/pico-sdk/src/rp2_common/hardware_pll/pll.c.o
 .ARM.attributes
                0x0000022e       0x2c CMakeFiles/pico_hdj100.dir/home/stodas/devel/src/pico/pico-sdk/src/rp2_common/hardware_ticks/ticks.c.o
 .ARM.attributes
                0x0000025a       0x2c CMakeFiles/pico_hdj100.dir/home/stodas/devel/src/pico/pico-sdk/src/rp2_common/pico_bootrom/bootrom.c.o
 .ARM.attributes
                0x00000286       0x2c CMakeFiles/pico_hdj100.dir/home/stodas/devel/src/pico/pico-sdk/src/rp2_common/hardware_xosc/xosc.c.o
 .ARM.attributes
                0x000002b2       0x2c CMakeFiles/pico_hdj100.dir/home/stodas/devel/src/pico/pico-sdk/src/rp2_common/pico_runtime/runtime.c.o
 .ARM.attributes
                0x000002de       0x2c CMakeFiles/pico_hdj100.dir/home/stodas/devel/src/pico/pico-sdk/src/rp2_common/pico_runtime_init/runtime_init.c.o
 .ARM.attributes
                0x0000030a       0x2c CMakeFiles/pico_hdj100.dir/home/stodas/devel/src/pico/pico-sdk/src/rp2_common/pico_runtime_init/runtime_init_clocks.c.o
 .ARM.attributes
                0x00000336       0x22 CMakeFiles/pico_hdj100.dir/home/stodas/devel/src/pico/pico-sdk/src/rp2_common/pico_bit_ops/bit_ops_aeabi.S.o
 .ARM.attributes
                0x00000358       0x22 CMakeFiles/pico_hdj100.dir/home/stodas/devel/src/pico/pico-sdk/src/rp2_common/pico_divider/divider_hardware.S.o
 .ARM.attributes
                0x0000037a       0x22 CMakeFiles/pico_hdj100.dir/home/stodas/devel/src/pico/pico-sdk/src/rp2_common/pico_double/double_aeabi_rp2040.S.o
 .ARM.attributes
                0x0000039c       0x2c CMakeFiles/pico_hdj100.dir/home/stodas/devel/src/pico/pico-sdk/src/rp2_common/pico_double/double_init_rom_rp2040.c.o
 .ARM.attributes
                0x000003c8       0x22 CMakeFiles/pico_hdj100.dir/home/stodas/devel/src/pico/pico-sdk/src/rp2_common/pico_double/double_v1_rom_shim_rp2040.S.o
 .ARM.attributes
                0x000003ea       0x22 CMakeFiles/pico_hdj100.dir/home/stodas/devel/src/pico/pico-sdk/src/rp2_common/pico_int64_ops/pico_int64_ops_aeabi.S.o
 .ARM.attributes
                0x0000040c       0x22 CMakeFiles/pico_hdj100.dir/home/stodas/devel/src/pico/pico-sdk/src/rp2_common/pico_float/float_aeabi_rp2040.S.o
 .ARM.attributes
                0x0000042e       0x2c CMakeFiles/pico_hdj100.dir/home/stodas/devel/src/pico/pico-sdk/src/rp2_common/pico_float/float_init_rom_rp2040.c.o
 .ARM.attributes
                0x0000045a       0x22 CMakeFiles/pico_hdj100.dir/home/stodas/devel/src/pico/pico-sdk/src/rp2_common/pico_float/float_v1_rom_shim_rp2040.S.o
 .ARM.attributes
                0x0000047c       0x22 CMakeFiles/pico_hdj100.dir/home/stodas/devel/src/pico/pico-sdk/src/rp2_common/pico_mem_ops/mem_ops_aeabi.S.o
 .ARM.attributes
                0x0000049e       0x2c CMakeFiles/pico_hdj100.dir/home/stodas/devel/src/pico/pico-sdk/src/rp2_common/pico_standard_binary_info/standard_binary_info.c.o
 .ARM.attributes
                0x000004ca       0x2c CMakeFiles/pico_hdj100.dir/home/stodas/devel/src/pico/pico-sdk/src/rp2_common/pico_printf/printf.c.o
 .ARM.attributes
                0x000004f6       0x22 CMakeFiles/pico_hdj100.dir/home/stodas/devel/src/pico/pico-sdk/src/rp2_common/pico_crt0/crt0.S.o
 .ARM.attributes
                0x00000518       0x2c CMakeFiles/pico_hdj100.dir/home/stodas/devel/src/pico/pico-sdk/src/rp2_common/pico_clib_interface/newlib_interface.c.o
 .ARM.attributes
                0x00000544       0x2c CMakeFiles/pico_hdj100.dir/home/stodas/devel/src/pico/pico-sdk/src/rp2_common/pico_stdio/stdio.c.o
 .ARM.attributes
                0x00000570       0x2c CMakeFiles/pico_hdj100.dir/home/stodas/devel/src/pico/pico-sdk/src/rp2_common/pico_unique_id/unique_id.c.o
 .ARM.attributes
                0x0000059c       0x2c CMakeFiles/pico_hdj100.dir/home/stodas/devel/src/pico/pico-sdk/src/rp2_common/hardware_flash/flash.c.o
 .ARM.attributes
                0x000005c8       0x22 pico-sdk/src/rp2040/boot_stage2/CMakeFiles/bs2_default_library.dir/bs2_default_padded_checksummed.S.o
 .ARM.attributes
                0x000005ea       0x1e /usr/lib/gcc/arm-none-eabi/14.2.0/thumb/v6-m/nofp/libgcc.a(_dvmd_tls.o)
 .ARM.attributes
                0x00000608       0x2c /usr/lib/gcc/arm-none-eabi/14.2.0/../../../../arm-none-eabi/lib/thumb/v6-m/nofp/libg.a(libc_a-atexit.o)
 .ARM.attributes
                0x00000634       0x2c /usr/lib/gcc/arm-none-eabi/14.2.0/../../../../arm-none-eabi/lib/thumb/v6-m/nofp/libg.a(libc_a-fini.o)
 .ARM.attributes
                0x00000660       0x2c /usr/lib/gcc/arm-none-eabi/14.2.0/../../../../arm-none-eabi/lib/thumb/v6-m/nofp/libg.a(libc_a-lock.o)
 .ARM.attributes
                0x0000068c       0x2c /usr/lib/gcc/arm-none-eabi/14.2.0/../../../../arm-none-eabi/lib/thumb/v6-m/nofp/libg.a(libc_a-strlen-stub.o)
 .ARM.attributes
                0x000006b8       0x2c /usr/lib/gcc/arm-none-eabi/14.2.0/../../../../arm-none-eabi/lib/thumb/v6-m/nofp/libg.a(libc_a-__atexit.o)
 .ARM.attributes
                0x000006e4       0x2c /usr/lib/gcc/arm-none-eabi/14.2.0/../../../../arm-none-eabi/lib/thumb/v6-m/nofp/libg.a(libc_a-__call_atexit.o)

.comment        0x00000000       0x1e
 .comment       0x00000000       0x1e CMakeFiles/pico_hdj100.dir/home/stodas/devel/src/pico/pico-sdk/src/rp2_common/pico_platform_panic/panic.c.o
                                 0x1f (size before relaxing)
 .comment       0x0000001e       0x1f CMakeFiles/pico_hdj100.dir/home/stodas/devel/src/pico/pico-sdk/src/common/hardware_claim/claim.c.o
 .comment       0x0000001e       0x1f CMakeFiles/pico_hdj100.dir/home/stodas/devel/src/pico/pico-sdk/src/rp2_common/hardware_sync/sync.c.o
 .comment       0x0000001e       0x1f CMakeFiles/pico_hdj100.dir/home/stodas/devel/src/pico/pico-sdk/src/rp2_common/hardware_sync_spin_lock/sync_spin_lock.c.o
 .comment       0x0000001e       0x1f CMakeFiles/pico_hdj100.dir/home/stodas/devel/src/pico/pico-sdk/src/rp2_common/hardware_irq/irq.c.o
 .comment       0x0000001e       0x1f CMakeFiles/pico_hdj100.dir/home/stodas/devel/src/pico/pico-sdk/src/common/pico_sync/lock_core.c.o
 .comment       0x0000001e       0x1f CMakeFiles/pico_hdj100.dir/home/stodas/devel/src/pico/pico-sdk/src/common/pico_sync/mutex.c.o
 .comment       0x0000001e       0x1f CMakeFiles/pico_hdj100.dir/home/stodas/devel/src/pico/pico-sdk/src/common/pico_time/time.c.o
 .comment       0x0000001e       0x1f CMakeFiles/pico_hdj100.dir/home/stodas/devel/src/pico/pico-sdk/src/rp2_common/hardware_timer/timer.c.o
 .comment       0x0000001e       0x1f CMakeFiles/pico_hdj100.dir/home/stodas/devel/src/pico/pico-sdk/src/rp2_common/hardware_clocks/clocks.c.o
 .comment       0x0000001e       0x1f CMakeFiles/pico_hdj100.dir/home/stodas/devel/src/pico/pico-sdk/src/rp2_common/hardware_pll/pll.c.o
 .comment       0x0000001e       0x1f CMakeFiles/pico_hdj100.dir/home/stodas/devel/src/pico/pico-sdk/src/rp2_common/hardware_ticks/ticks.c.o
 .comment       0x0000001e       0x1f CMakeFiles/pico_hdj100.dir/home/stodas/devel/src/pico/pico-sdk/src/rp2_common/pico_bootrom/bootrom.c.o
 .comment       0x0000001e       0x1f CMakeFiles/pico_hdj100.dir/home/stodas/devel/src/pico/pico-sdk/src/rp2_common/hardware_xosc/xosc.c.o
 .comment       0x0000001e       0x1f CMakeFiles/pico_hdj100.dir/home/stodas/devel/src/pico/pico-sdk/src/rp2_common/pico_runtime/runtime.c.o
 .comment       0x0000001e       0x1f CMakeFiles/pico_hdj100.dir/home/stodas/devel/src/pico/pico-sdk/src/rp2_common/pico_runtime_init/runtime_init.c.o
 .comment       0x0000001e       0x1f CMakeFiles/pico_hdj100.dir/home/stodas/devel/src/pico/pico-sdk/src/rp2_common/pico_runtime_init/runtime_init_clocks.c.o
 .comment       0x0000001e       0x1f CMakeFiles/pico_hdj100.dir/home/stodas/devel/src/pico/pico-sdk/src/rp2_common/pico_double/double_init_rom_rp2040.c.o
 .comment       0x0000001e       0x1f CMakeFiles/pico_hdj100.dir/home/stodas/devel/src/pico/pico-sdk/src/rp2_common/pico_float/float_init_rom_rp2040.c.o
 .comment       0x0000001e       0x1f CMakeFiles/pico_hdj100.dir/home/stodas/devel/src/pico/pico-sdk/src/rp2_common/pico_standard_binary_info/standard_binary_info.c.o
 .comment       0x0000001e       0x1f CMakeFiles/pico_hdj100.dir/home/stodas/devel/src/pico/pico-sdk/src/rp2_common/pico_printf/printf.c.o
 .comment       0x0000001e       0x1f CMakeFiles/pico_hdj100.dir/home/stodas/devel/src/pico/pico-sdk/src/rp2_common/pico_clib_interface/newlib_interface.c.o
 .comment       0x0000001e       0x1f CMakeFiles/pico_hdj100.dir/home/stodas/devel/src/pico/pico-sdk/src/rp2_common/pico_stdio/stdio.c.o
 .comment       0x0000001e       0x1f CMakeFiles/pico_hdj100.dir/home/stodas/devel/src/pico/pico-sdk/src/rp2_common/pico_unique_id/unique_id.c.o
 .comment       0x0000001e       0x1f CMakeFiles/pico_hdj100.dir/home/stodas/devel/src/pico/pico-sdk/src/rp2_common/hardware_flash/flash.c.o
 .comment       0x0000001e       0x1f /usr/lib/gcc/arm-none-eabi/14.2.0/../../../../arm-none-eabi/lib/thumb/v6-m/nofp/libg.a(libc_a-atexit.o)
 .comment       0x0000001e       0x1f /usr/lib/gcc/arm-none-eabi/14.2.0/../../../../arm-none-eabi/lib/thumb/v6-m/nofp/libg.a(libc_a-fini.o)
 .comment       0x0000001e       0x1f /usr/lib/gcc/arm-none-eabi/14.2.0/../../../../arm-none-eabi/lib/thumb/v6-m/nofp/libg.a(libc_a-lock.o)
 .comment       0x0000001e       0x1f /usr/lib/gcc/arm-none-eabi/14.2.0/../../../../arm-none-eabi/lib/thumb/v6-m/nofp/libg.a(libc_a-strlen-stub.o)
 .comment       0x0000001e       0x1f /usr/lib/gcc/arm-none-eabi/14.2.0/../../../../arm-none-eabi/lib/thumb/v6-m/nofp/libg.a(libc_a-__atexit.o)
 .comment       0x0000001e       0x1f /usr/lib/gcc/arm-none-eabi/14.2.0/../../../../arm-none-eabi/lib/thumb/v6-m/nofp/libg.a(libc_a-__call_atexit.o)

.debug_info     0x00000000     0xea28
 .debug_info    0x00000000      0x148 CMakeFiles/pico_hdj100.dir/home/stodas/devel/src/pico/pico-sdk/src/rp2_common/pico_platform_panic/panic.c.o
 .debug_info    0x00000148      0x525 CMakeFiles/pico_hdj100.dir/home/stodas/devel/src/pico/pico-sdk/src/common/hardware_claim/claim.c.o
 .debug_info    0x0000066d      0x389 CMakeFiles/pico_hdj100.dir/home/stodas/devel/src/pico/pico-sdk/src/rp2_common/hardware_sync/sync.c.o
 .debug_info    0x000009f6      0x27d CMakeFiles/pico_hdj100.dir/home/stodas/devel/src/pico/pico-sdk/src/rp2_common/hardware_sync_spin_lock/sync_spin_lock.c.o
 .debug_info    0x00000c73     0x15c6 CMakeFiles/pico_hdj100.dir/home/stodas/devel/src/pico/pico-sdk/src/rp2_common/hardware_irq/irq.c.o
 .debug_info    0x00002239      0x19d CMakeFiles/pico_hdj100.dir/home/stodas/devel/src/pico/pico-sdk/src/common/pico_sync/lock_core.c.o
 .debug_info    0x000023d6     0x169b CMakeFiles/pico_hdj100.dir/home/stodas/devel/src/pico/pico-sdk/src/common/pico_sync/mutex.c.o
 .debug_info    0x00003a71     0x24fb CMakeFiles/pico_hdj100.dir/home/stodas/devel/src/pico/pico-sdk/src/common/pico_time/time.c.o
 .debug_info    0x00005f6c     0x14b8 CMakeFiles/pico_hdj100.dir/home/stodas/devel/src/pico/pico-sdk/src/rp2_common/hardware_timer/timer.c.o
 .debug_info    0x00007424      0xfda CMakeFiles/pico_hdj100.dir/home/stodas/devel/src/pico/pico-sdk/src/rp2_common/hardware_clocks/clocks.c.o
 .debug_info    0x000083fe      0x508 CMakeFiles/pico_hdj100.dir/home/stodas/devel/src/pico/pico-sdk/src/rp2_common/hardware_pll/pll.c.o
 .debug_info    0x00008906      0x2a0 CMakeFiles/pico_hdj100.dir/home/stodas/devel/src/pico/pico-sdk/src/rp2_common/hardware_ticks/ticks.c.o
 .debug_info    0x00008ba6      0x358 CMakeFiles/pico_hdj100.dir/home/stodas/devel/src/pico/pico-sdk/src/rp2_common/pico_bootrom/bootrom.c.o
 .debug_info    0x00008efe      0x1ed CMakeFiles/pico_hdj100.dir/home/stodas/devel/src/pico/pico-sdk/src/rp2_common/hardware_xosc/xosc.c.o
 .debug_info    0x000090eb      0x17c CMakeFiles/pico_hdj100.dir/home/stodas/devel/src/pico/pico-sdk/src/rp2_common/pico_runtime/runtime.c.o
 .debug_info    0x00009267      0x72a CMakeFiles/pico_hdj100.dir/home/stodas/devel/src/pico/pico-sdk/src/rp2_common/pico_runtime_init/runtime_init.c.o
 .debug_info    0x00009991      0x5ed CMakeFiles/pico_hdj100.dir/home/stodas/devel/src/pico/pico-sdk/src/rp2_common/pico_runtime_init/runtime_init_clocks.c.o
 .debug_info    0x00009f7e       0x23 CMakeFiles/pico_hdj100.dir/home/stodas/devel/src/pico/pico-sdk/src/rp2_common/pico_bit_ops/bit_ops_aeabi.S.o
 .debug_info    0x00009fa1       0x23 CMakeFiles/pico_hdj100.dir/home/stodas/devel/src/pico/pico-sdk/src/rp2_common/pico_divider/divider_hardware.S.o
 .debug_info    0x00009fc4       0x23 CMakeFiles/pico_hdj100.dir/home/stodas/devel/src/pico/pico-sdk/src/rp2_common/pico_double/double_aeabi_rp2040.S.o
 .debug_info    0x00009fe7      0x28f CMakeFiles/pico_hdj100.dir/home/stodas/devel/src/pico/pico-sdk/src/rp2_common/pico_double/double_init_rom_rp2040.c.o
 .debug_info    0x0000a276       0x23 CMakeFiles/pico_hdj100.dir/home/stodas/devel/src/pico/pico-sdk/src/rp2_common/pico_double/double_v1_rom_shim_rp2040.S.o
 .debug_info    0x0000a299       0x24 CMakeFiles/pico_hdj100.dir/home/stodas/devel/src/pico/pico-sdk/src/rp2_common/pico_int64_ops/pico_int64_ops_aeabi.S.o
 .debug_info    0x0000a2bd       0x23 CMakeFiles/pico_hdj100.dir/home/stodas/devel/src/pico/pico-sdk/src/rp2_common/pico_float/float_aeabi_rp2040.S.o
 .debug_info    0x0000a2e0      0x27f CMakeFiles/pico_hdj100.dir/home/stodas/devel/src/pico/pico-sdk/src/rp2_common/pico_float/float_init_rom_rp2040.c.o
 .debug_info    0x0000a55f       0x23 CMakeFiles/pico_hdj100.dir/home/stodas/devel/src/pico/pico-sdk/src/rp2_common/pico_float/float_v1_rom_shim_rp2040.S.o
 .debug_info    0x0000a582       0x23 CMakeFiles/pico_hdj100.dir/home/stodas/devel/src/pico/pico-sdk/src/rp2_common/pico_mem_ops/mem_ops_aeabi.S.o
 .debug_info    0x0000a5a5      0x312 CMakeFiles/pico_hdj100.dir/home/stodas/devel/src/pico/pico-sdk/src/rp2_common/pico_standard_binary_info/standard_binary_info.c.o
 .debug_info    0x0000a8b7      0xc4e CMakeFiles/pico_hdj100.dir/home/stodas/devel/src/pico/pico-sdk/src/rp2_common/pico_printf/printf.c.o
 .debug_info    0x0000b505       0x23 CMakeFiles/pico_hdj100.dir/home/stodas/devel/src/pico/pico-sdk/src/rp2_common/pico_crt0/crt0.S.o
 .debug_info    0x0000b528      0xa06 CMakeFiles/pico_hdj100.dir/home/stodas/devel/src/pico/pico-sdk/src/rp2_common/pico_clib_interface/newlib_interface.c.o
 .debug_info    0x0000bf2e     0x1061 CMakeFiles/pico_hdj100.dir/home/stodas/devel/src/pico/pico-sdk/src/rp2_common/pico_stdio/stdio.c.o
 .debug_info    0x0000cf8f      0x1f1 CMakeFiles/pico_hdj100.dir/home/stodas/devel/src/pico/pico-sdk/src/rp2_common/pico_unique_id/unique_id.c.o
 .debug_info    0x0000d180      0xe18 CMakeFiles/pico_hdj100.dir/home/stodas/devel/src/pico/pico-sdk/src/rp2_common/hardware_flash/flash.c.o
 .debug_info    0x0000df98       0x3c /usr/lib/gcc/arm-none-eabi/14.2.0/thumb/v6-m/nofp/libgcc.a(_dvmd_tls.o)
 .debug_info    0x0000dfd4      0x11e /usr/lib/gcc/arm-none-eabi/14.2.0/../../../../arm-none-eabi/lib/thumb/v6-m/nofp/libg.a(libc_a-atexit.o)
 .debug_info    0x0000e0f2       0xf7 /usr/lib/gcc/arm-none-eabi/14.2.0/../../../../arm-none-eabi/lib/thumb/v6-m/nofp/libg.a(libc_a-fini.o)
 .debug_info    0x0000e1e9      0x218 /usr/lib/gcc/arm-none-eabi/14.2.0/../../../../arm-none-eabi/lib/thumb/v6-m/nofp/libg.a(libc_a-lock.o)
 .debug_info    0x0000e401       0xeb /usr/lib/gcc/arm-none-eabi/14.2.0/../../../../arm-none-eabi/lib/thumb/v6-m/nofp/libg.a(libc_a-strlen-stub.o)
 .debug_info    0x0000e4ec      0x25f /usr/lib/gcc/arm-none-eabi/14.2.0/../../../../arm-none-eabi/lib/thumb/v6-m/nofp/libg.a(libc_a-__atexit.o)